Archive member included to satisfy reference by file (symbol)

/Applications/Marmalade.app/Contents/s3e/edk/lib/android/libedk.a(edk_helpers.o)
                              release/Heyzap_platform.os (s3eEdkThreadRunOnOS)

Discarded input sections

 .note.GNU-stack
                0x0000000000000000        0x0 /Users/monroe/Library/Android/android-ndk-r10e/platforms/android-14/arch-arm/usr/lib/crtbegin_so.o
 .group         0x0000000000000000        0x8 release/Heyzap_platform.os
 .group         0x0000000000000000        0x8 release/Heyzap_platform.os
 .note.GNU-stack
                0x0000000000000000        0x0 release/Heyzap_platform.os
 .note.GNU-stack
                0x0000000000000000        0x0 release/Heyzap.os
 .note.GNU-stack
                0x0000000000000000        0x0 release/Heyzap_register.os
 .note.GNU-stack
                0x0000000000000000        0x0 /Applications/Marmalade.app/Contents/s3e/edk/lib/android/libedk.a(edk_helpers.o)
 .note.GNU-stack
                0x0000000000000000        0x0 /Users/monroe/Library/Android/android-ndk-r10e/platforms/android-14/arch-arm/usr/lib/crtend_so.o

Memory Configuration

Name             Origin             Length             Attributes
*default*        0x0000000000000000 0xffffffffffffffff

Linker script and memory map

LOAD /Users/monroe/Library/Android/android-ndk-r10e/platforms/android-14/arch-arm/usr/lib/crtbegin_so.o
LOAD release/Heyzap_platform.os
LOAD release/Heyzap.os
LOAD release/Heyzap_register.os
LOAD /Applications/Marmalade.app/Contents/s3e/edk/lib/android/libedk.a
LOAD /Applications/Marmalade.app/Contents/s3e/edk/lib/android/libplaceholderplaceholderplaceholderplaceholderplaceholder.so
LOAD /Users/monroe/Library/Android/android-ndk-r10e/platforms/android-14/arch-arm/usr/lib/liblog.so
LOAD /Users/monroe/Library/Android/android-ndk-r10e/sources/cxx-stl/gnu-libstdc++/4.8/libs/armeabi/libgnustl_static.a
LOAD /Users/monroe/Library/Android/android-ndk-r10e/toolchains/arm-linux-androideabi-4.8/prebuilt/darwin-x86_64/bin/../lib/gcc/arm-linux-androideabi/4.8/libgcc.a
LOAD /Users/monroe/Library/Android/android-ndk-r10e/platforms/android-14/arch-arm/usr/lib/libstdc++.so
LOAD /Users/monroe/Library/Android/android-ndk-r10e/platforms/android-14/arch-arm/usr/lib/libm.so
LOAD /Users/monroe/Library/Android/android-ndk-r10e/platforms/android-14/arch-arm/usr/lib/libc.so
LOAD /Users/monroe/Library/Android/android-ndk-r10e/toolchains/arm-linux-androideabi-4.8/prebuilt/darwin-x86_64/bin/../lib/gcc/arm-linux-androideabi/4.8/libgcc.a
LOAD /Users/monroe/Library/Android/android-ndk-r10e/platforms/android-14/arch-arm/usr/lib/libc.so
LOAD /Users/monroe/Library/Android/android-ndk-r10e/platforms/android-14/arch-arm/usr/lib/libdl.so
LOAD /Users/monroe/Library/Android/android-ndk-r10e/toolchains/arm-linux-androideabi-4.8/prebuilt/darwin-x86_64/bin/../lib/gcc/arm-linux-androideabi/4.8/libgcc.a
LOAD /Users/monroe/Library/Android/android-ndk-r10e/platforms/android-14/arch-arm/usr/lib/crtend_so.o
                0x00000000000000d4                . = (0x0 + SIZEOF_HEADERS)

.note.gnu.build-id
 *(.note.gnu.build-id)

.hash           0x00000000000000d4       0xa0
 *(.hash)
 .hash          0x00000000000000d4       0xa0 /Users/monroe/Library/Android/android-ndk-r10e/platforms/android-14/arch-arm/usr/lib/crtbegin_so.o

.gnu.hash
 *(.gnu.hash)

.dynsym         0x0000000000000174      0x150
 *(.dynsym)
 .dynsym        0x0000000000000174      0x150 /Users/monroe/Library/Android/android-ndk-r10e/platforms/android-14/arch-arm/usr/lib/crtbegin_so.o

.dynstr         0x00000000000002c4      0x17d
 *(.dynstr)
 .dynstr        0x00000000000002c4      0x17d /Users/monroe/Library/Android/android-ndk-r10e/platforms/android-14/arch-arm/usr/lib/crtbegin_so.o

.gnu.version    0x0000000000000442        0x0
 *(.gnu.version)
 .gnu.version   0x0000000000000442        0x0 /Users/monroe/Library/Android/android-ndk-r10e/platforms/android-14/arch-arm/usr/lib/crtbegin_so.o

.gnu.version_d  0x0000000000000444        0x0
 *(.gnu.version_d)
 .gnu.version_d
                0x0000000000000444        0x0 /Users/monroe/Library/Android/android-ndk-r10e/platforms/android-14/arch-arm/usr/lib/crtbegin_so.o

.gnu.version_r  0x0000000000000444        0x0
 *(.gnu.version_r)
 .gnu.version_r
                0x0000000000000444        0x0 /Users/monroe/Library/Android/android-ndk-r10e/platforms/android-14/arch-arm/usr/lib/crtbegin_so.o

.rel.dyn        0x0000000000000444       0x88
 *(.rel.init)
 *(.rel.text .rel.text.* .rel.gnu.linkonce.t.*)
 *(.rel.fini)
 *(.rel.rodata .rel.rodata.* .rel.gnu.linkonce.r.*)
 *(.rel.data.rel.ro .rel.data.rel.ro.* .rel.gnu.linkonce.d.rel.ro.*)
 .rel.data.rel.ro
                0x0000000000000444       0x18 /Users/monroe/Library/Android/android-ndk-r10e/platforms/android-14/arch-arm/usr/lib/crtbegin_so.o
 *(.rel.data .rel.data.* .rel.gnu.linkonce.d.*)
 *(.rel.tdata .rel.tdata.* .rel.gnu.linkonce.td.*)
 *(.rel.tbss .rel.tbss.* .rel.gnu.linkonce.tb.*)
 *(.rel.ctors)
 *(.rel.dtors)
 *(.rel.got)
 .rel.got       0x000000000000045c       0x68 /Users/monroe/Library/Android/android-ndk-r10e/platforms/android-14/arch-arm/usr/lib/crtbegin_so.o
 *(.rel.bss .rel.bss.* .rel.gnu.linkonce.b.*)
 *(.rel.iplt)
 .rel.iplt      0x00000000000004c4        0x0 /Users/monroe/Library/Android/android-ndk-r10e/platforms/android-14/arch-arm/usr/lib/crtbegin_so.o
 .rel.fini_array
                0x00000000000004c4        0x8 /Users/monroe/Library/Android/android-ndk-r10e/platforms/android-14/arch-arm/usr/lib/crtbegin_so.o

.rela.dyn
 *(.rela.init)
 *(.rela.text .rela.text.* .rela.gnu.linkonce.t.*)
 *(.rela.fini)
 *(.rela.rodata .rela.rodata.* .rela.gnu.linkonce.r.*)
 *(.rela.data .rela.data.* .rela.gnu.linkonce.d.*)
 *(.rela.tdata .rela.tdata.* .rela.gnu.linkonce.td.*)
 *(.rela.tbss .rela.tbss.* .rela.gnu.linkonce.tb.*)
 *(.rela.ctors)
 *(.rela.dtors)
 *(.rela.got)
 *(.rela.bss .rela.bss.* .rela.gnu.linkonce.b.*)
 *(.rela.iplt)

.rel.plt        0x00000000000004cc       0x50
 *(.rel.plt)
 .rel.plt       0x00000000000004cc       0x50 /Users/monroe/Library/Android/android-ndk-r10e/platforms/android-14/arch-arm/usr/lib/crtbegin_so.o

.rela.plt
 *(.rela.plt)

.init
 *(SORT(.init))

.plt            0x000000000000051c       0x8c
 *(.plt)
 .plt           0x000000000000051c       0x8c /Users/monroe/Library/Android/android-ndk-r10e/platforms/android-14/arch-arm/usr/lib/crtbegin_so.o

.iplt           0x00000000000005a8        0x0
 *(.iplt)
 .iplt          0x00000000000005a8        0x0 /Users/monroe/Library/Android/android-ndk-r10e/platforms/android-14/arch-arm/usr/lib/crtbegin_so.o

.text           0x00000000000005a8      0xea8
 *(.text.unlikely .text.*_unlikely .text.unlikely.*)
 *(.text.exit .text.exit.*)
 .text.exit     0x00000000000005a8       0x10 /Users/monroe/Library/Android/android-ndk-r10e/platforms/android-14/arch-arm/usr/lib/crtbegin_so.o
                0x00000000000005a8                __on_dlclose
 *(.text.startup .text.startup.*)
 *(.text.hot .text.hot.*)
 *(.text .stub .text.* .gnu.linkonce.t.*)
 .text          0x00000000000005b8       0x34 /Users/monroe/Library/Android/android-ndk-r10e/platforms/android-14/arch-arm/usr/lib/crtbegin_so.o
                0x00000000000005b8                __atexit_handler_wrapper
                0x00000000000005cc                atexit
 .text          0x00000000000005ec      0xa10 release/Heyzap_platform.os
                0x00000000000005ec                Heyzap_nativeCallback(_JNIEnv*, _jobject*, int, _jstring*)
                0x000000000000075c                HeyzapInit_platform()
                0x0000000000000b28                HeyzapTerminate_platform()
                0x0000000000000b84                HeyzapStart_platform(char const*)
                0x0000000000000bf4                HeyzapFetchInterstitial_platform(char const*)
                0x0000000000000c64                HeyzapShowInterstitial_platform(char const*)
                0x0000000000000cd4                HeyzapFetchVideo_platform(char const*)
                0x0000000000000d44                HeyzapShowVideo_platform(char const*)
                0x0000000000000db4                HeyzapFetchRewarded_platform(char const*)
                0x0000000000000e24                HeyzapShowRewarded_platform(char const*)
                0x0000000000000e94                HeyzapShowBanner_platform(bool, char const*)
                0x0000000000000f0c                HeyzapHideBanner_platform()
                0x0000000000000f5c                HeyzapDestroyBanner_platform()
                0x0000000000000fac                HeyzapStartTestActivity_platform()
 .text._ZN7_JNIEnv9NewObjectEP7_jclassP10_jmethodIDz
                0x0000000000000ffc       0x38 release/Heyzap_platform.os
                0x0000000000000ffc                _JNIEnv::NewObject(_jclass*, _jmethodID*, ...)
 .text._ZN7_JNIEnv14CallVoidMethodEP8_jobjectP10_jmethodIDz
                0x0000000000001034       0x38 release/Heyzap_platform.os
                0x0000000000001034                _JNIEnv::CallVoidMethod(_jobject*, _jmethodID*, ...)
 .text          0x000000000000106c       0x34 release/Heyzap.os
                0x000000000000106c                HeyzapInit()
                0x0000000000001070                HeyzapTerminate()
                0x0000000000001074                HeyzapStart
                0x0000000000001078                HeyzapFetchInterstitial
                0x000000000000107c                HeyzapShowInterstitial
                0x0000000000001080                HeyzapFetchVideo
                0x0000000000001084                HeyzapShowVideo
                0x0000000000001088                HeyzapFetchRewarded
                0x000000000000108c                HeyzapShowRewarded
                0x0000000000001090                HeyzapShowBanner
                0x0000000000001094                HeyzapHideBanner
                0x0000000000001098                HeyzapDestroyBanner
                0x000000000000109c                HeyzapStartTestActivity
 .text          0x00000000000010a0      0x320 release/Heyzap_register.os
                0x00000000000010a0                HeyzapRegister
                0x00000000000010d0                HeyzapUnRegister
                0x0000000000001100                HeyzapRegisterExt()
                0x0000000000001260                RegisterExt
 .text          0x00000000000013c0        0x0 /Applications/Marmalade.app/Contents/s3e/edk/lib/android/libedk.a(edk_helpers.o)
 .text.s3eEdkErrorSetString
                0x00000000000013c0       0x30 /Applications/Marmalade.app/Contents/s3e/edk/lib/android/libedk.a(edk_helpers.o)
                0x00000000000013c0                s3eEdkErrorSetString
 .text.s3eEdkThreadRunOnOS
                0x00000000000013f0       0x30 /Applications/Marmalade.app/Contents/s3e/edk/lib/android/libedk.a(edk_helpers.o)
                0x00000000000013f0                s3eEdkThreadRunOnOS
 .text.s3eEdkThreadRunOnOSAsync
                0x0000000000001420       0x30 /Applications/Marmalade.app/Contents/s3e/edk/lib/android/libedk.a(edk_helpers.o)
                0x0000000000001420                s3eEdkThreadRunOnOSAsync
 .text          0x0000000000001450        0x0 /Users/monroe/Library/Android/android-ndk-r10e/platforms/android-14/arch-arm/usr/lib/crtend_so.o
 *(.gnu.warning)
 *(.glue_7t)
 .glue_7t       0x0000000000001450        0x0 linker stubs
 *(.glue_7)
 .glue_7        0x0000000000001450        0x0 linker stubs
 *(.vfp11_veneer)
 .vfp11_veneer  0x0000000000001450        0x0 linker stubs
 *(.v4_bx)
 .v4_bx         0x0000000000001450        0x0 linker stubs

.fini
 *(SORT(.fini))
                0x0000000000001450                PROVIDE (__etext, .)
                0x0000000000001450                PROVIDE (_etext, .)
                0x0000000000001450                PROVIDE (etext, .)

.rodata         0x0000000000001450      0x148
 *(.rodata .rodata.* .gnu.linkonce.r.*)
 .rodata.str1.4
                0x0000000000001450      0x148 release/Heyzap_platform.os
 .rodata.str1.4
                0x0000000000001598        0x8 release/Heyzap_register.os

.rodata1
 *(.rodata1)

.ARM.extab
 *(.ARM.extab* .gnu.linkonce.armextab.*)
                0x00000000000015a0                PROVIDE (__exidx_start, .)

.ARM.exidx
 *(.ARM.exidx* .gnu.linkonce.armexidx.*)
                0x00000000000015a0                PROVIDE (__exidx_end, .)

.eh_frame_hdr   0x0000000000001598        0x0
 *(.eh_frame_hdr)
 .eh_frame_hdr  0x0000000000001598        0x0 /Users/monroe/Library/Android/android-ndk-r10e/platforms/android-14/arch-arm/usr/lib/crtend_so.o

.eh_frame
 *(.eh_frame)

.gcc_except_table
 *(.gcc_except_table .gcc_except_table.*)

.exception_ranges
 *(.exception_ranges .exception_ranges*)
                0x0000000000010000                . = ALIGN (0x10000)
                0x0000000000010e88                . = DATA_SEGMENT_ALIGN (0x10000, 0x1000)

.eh_frame
 *(.eh_frame)

.gcc_except_table
 *(.gcc_except_table .gcc_except_table.*)

.exception_ranges
 *(.exception_ranges .exception_ranges*)

.tdata
 *(.tdata .tdata.* .gnu.linkonce.td.*)

.tbss
 *(.tbss .tbss.* .gnu.linkonce.tb.*)
 *(.tcommon)
                0x0000000000010e88                . = ALIGN (0x4)

.preinit_array
 *(.preinit_array)

.init_array     0x0000000000010e88        0x4
 *crtbegin*.o(.init_array)
 *(SORT(.init_array.*) SORT(.ctors.*))
 *(.init_array EXCLUDE_FILE(*crtend*.o *crtend.o *crtbegin*.o *crtbegin.o) .ctors)
 .init_array    0x0000000000010e88        0x4 /Users/monroe/Library/Android/android-ndk-r10e/platforms/android-14/arch-arm/usr/lib/crtend_so.o

.fini_array     0x0000000000010e8c        0x8
 *crtbegin*.o(.fini_array)
 .fini_array    0x0000000000010e8c        0x4 /Users/monroe/Library/Android/android-ndk-r10e/platforms/android-14/arch-arm/usr/lib/crtbegin_so.o
 *(SORT(.fini_array.*) SORT(.dtors.*))
 *(.fini_array EXCLUDE_FILE(*crtend*.o *crtend.o *crtbegin*.o *crtbegin.o) .dtors)
 .fini_array    0x0000000000010e90        0x4 /Users/monroe/Library/Android/android-ndk-r10e/platforms/android-14/arch-arm/usr/lib/crtend_so.o

.ctors
 *crtbegin.o(.ctors)
 *crtbegin*.o(.ctors)
 *(EXCLUDE_FILE(*crtend*.o *crtend.o) .ctors)
 *(SORT(.ctors.*))
 *(.ctors)

.dtors
 *crtbegin.o(.dtors)
 *crtbegin*.o(.dtors)
 *(EXCLUDE_FILE(*crtend*.o *crtend.o) .dtors)
 *(SORT(.dtors.*))
 *(.dtors)

.jcr
 *(.jcr)

.data.rel.ro    0x0000000000010e94        0xc
 *(.data.rel.ro.local* .gnu.linkonce.d.rel.ro.local.*)
 *(.data.rel.ro .data.rel.ro.* .gnu.linkonce.d.rel.ro.*)
 .data.rel.ro   0x0000000000010e94        0xc release/Heyzap_platform.os

.dynamic        0x0000000000010ea0       0xf8
 *(.dynamic)
 .dynamic       0x0000000000010ea0       0xf8 /Users/monroe/Library/Android/android-ndk-r10e/platforms/android-14/arch-arm/usr/lib/crtbegin_so.o
                0x0000000000010ea0                _DYNAMIC

.got            0x0000000000010f98       0x68
 *(.got.plt)
 .got.plt       0x0000000000010f98       0x34 /Users/monroe/Library/Android/android-ndk-r10e/platforms/android-14/arch-arm/usr/lib/crtbegin_so.o
                0x0000000000010f98                _GLOBAL_OFFSET_TABLE_
 *(.igot.plt)
 .igot.plt      0x0000000000010fcc        0x0 /Users/monroe/Library/Android/android-ndk-r10e/platforms/android-14/arch-arm/usr/lib/crtbegin_so.o
 *(.got)
 .got           0x0000000000010fcc       0x34 /Users/monroe/Library/Android/android-ndk-r10e/platforms/android-14/arch-arm/usr/lib/crtbegin_so.o
 *(.igot)
                0x0000000000011000                . = DATA_SEGMENT_RELRO_END (., 0x0)

.data           0x0000000000011000        0x4
                0x0000000000011000                PROVIDE (__data_start, .)
 *(.data .data.* .gnu.linkonce.d.*)
 .data          0x0000000000011000        0x4 /Users/monroe/Library/Android/android-ndk-r10e/platforms/android-14/arch-arm/usr/lib/crtbegin_so.o
                0x0000000000011000                __dso_handle
 .data          0x0000000000011004        0x0 release/Heyzap_platform.os
 .data          0x0000000000011004        0x0 release/Heyzap.os
 .data          0x0000000000011004        0x0 release/Heyzap_register.os
 .data          0x0000000000011004        0x0 /Applications/Marmalade.app/Contents/s3e/edk/lib/android/libedk.a(edk_helpers.o)
 .data          0x0000000000011004        0x0 /Users/monroe/Library/Android/android-ndk-r10e/platforms/android-14/arch-arm/usr/lib/crtend_so.o

.data1
 *(.data1)
                0x0000000000011004                _edata = .
                0x0000000000011004                PROVIDE (edata, .)
                0x0000000000011004                . = .
                0x0000000000011004                __bss_start = .
                0x0000000000011004                __bss_start__ = .

.bss            0x0000000000011004       0x30
 *(.dynbss)
 .dynbss        0x0000000000011004        0x0 /Users/monroe/Library/Android/android-ndk-r10e/platforms/android-14/arch-arm/usr/lib/crtbegin_so.o
 *(.bss .bss.* .gnu.linkonce.b.*)
 .bss           0x0000000000011004        0x0 /Users/monroe/Library/Android/android-ndk-r10e/platforms/android-14/arch-arm/usr/lib/crtbegin_so.o
 .bss           0x0000000000011004       0x30 release/Heyzap_platform.os
 .bss           0x0000000000011034        0x0 release/Heyzap.os
 .bss           0x0000000000011034        0x0 release/Heyzap_register.os
 .bss           0x0000000000011034        0x0 /Applications/Marmalade.app/Contents/s3e/edk/lib/android/libedk.a(edk_helpers.o)
 .bss           0x0000000000011034        0x0 /Users/monroe/Library/Android/android-ndk-r10e/platforms/android-14/arch-arm/usr/lib/crtend_so.o
 *(COMMON)
                0x0000000000011034                . = ALIGN (0x4)
                0x0000000000011034                _bss_end__ = .
                0x0000000000011034                __bss_end__ = .
                0x0000000000011034                . = ALIGN (0x4)
                0x0000000000011034                . = SEGMENT_START ("ldata-segment", .)
                0x0000000000011034                . = ALIGN (0x4)
                0x0000000000011034                __end__ = .
                0x0000000000011034                _end = .
                0x0000000000011034                _bss_end__ = .
                0x0000000000011034                __bss_end__ = .
                0x0000000000011034                __end__ = .
                0x0000000000011034                PROVIDE (end, .)
                0x0000000000011034                . = DATA_SEGMENT_END (.)

.stab
 *(.stab)

.stabstr
 *(.stabstr)

.stab.excl
 *(.stab.excl)

.stab.exclstr
 *(.stab.exclstr)

.stab.index
 *(.stab.index)

.stab.indexstr
 *(.stab.indexstr)

.comment        0x0000000000000000        0xf
 *(.comment)
 .comment       0x0000000000000000        0xf /Users/monroe/Library/Android/android-ndk-r10e/platforms/android-14/arch-arm/usr/lib/crtbegin_so.o
                                         0x10 (size before relaxing)
 .comment       0x000000000000000f       0x10 release/Heyzap_platform.os
 .comment       0x000000000000000f       0x10 release/Heyzap.os
 .comment       0x000000000000000f       0x10 release/Heyzap_register.os
 .comment       0x000000000000000f       0x10 /Applications/Marmalade.app/Contents/s3e/edk/lib/android/libedk.a(edk_helpers.o)

.ARM.attributes
                0x0000000000000000       0x2d
 .ARM.attributes
                0x0000000000000000       0x2b /Users/monroe/Library/Android/android-ndk-r10e/platforms/android-14/arch-arm/usr/lib/crtbegin_so.o
 .ARM.attributes
                0x000000000000002b       0x2f release/Heyzap_platform.os
 .ARM.attributes
                0x000000000000005a       0x2f release/Heyzap.os
 .ARM.attributes
                0x0000000000000089       0x2f release/Heyzap_register.os
 .ARM.attributes
                0x00000000000000b8       0x2f /Applications/Marmalade.app/Contents/s3e/edk/lib/android/libedk.a(edk_helpers.o)
 .ARM.attributes
                0x00000000000000e7       0x1d /Users/monroe/Library/Android/android-ndk-r10e/platforms/android-14/arch-arm/usr/lib/crtend_so.o

.debug
 *(.debug)

.line
 *(.line)

.debug_srcinfo
 *(.debug_srcinfo)

.debug_sfnames
 *(.debug_sfnames)

.debug_aranges
 *(.debug_aranges)

.debug_pubnames
 *(.debug_pubnames)

.debug_info
 *(.debug_info .gnu.linkonce.wi.*)

.debug_abbrev
 *(.debug_abbrev)

.debug_line
 *(.debug_line .debug_line.* .debug_line_end)

.debug_frame
 *(.debug_frame)

.debug_str
 *(.debug_str)

.debug_loc
 *(.debug_loc)

.debug_macinfo
 *(.debug_macinfo)

.debug_weaknames
 *(.debug_weaknames)

.debug_funcnames
 *(.debug_funcnames)

.debug_typenames
 *(.debug_typenames)

.debug_varnames
 *(.debug_varnames)

.debug_pubtypes
 *(.debug_pubtypes)

.debug_ranges
 *(.debug_ranges)

.debug_macro
 *(.debug_macro)

.gnu.attributes
 *(.gnu.attributes)

.note.gnu.arm.ident
 *(.note.gnu.arm.ident)

/DISCARD/
 *(.note.GNU-stack)
 *(.gnu_debuglink)
 *(.gnu.lto_*)
 *(.mdebug.*)
OUTPUT(/Users/monroe/dev/marmalade_wrapper/lib/android/libHeyzap.so elf32-littlearm)
