Archive member included to satisfy reference by file (symbol)

/Applications/Marmalade.app/Contents/s3e/edk/lib/android/libedk.a(IwDebug.o)
                              debug/Heyzap_platform.os (IwDebugTraceIsChannelOn)
/Applications/Marmalade.app/Contents/s3e/edk/lib/android/libedk.a(edk_helpers.o)
                              debug/Heyzap_platform.os (s3eEdkThreadRunOnOS)
/Users/monroe/Library/Android/android-ndk-r10e/toolchains/arm-linux-androideabi-4.8/prebuilt/darwin-x86_64/bin/../lib/gcc/arm-linux-androideabi/4.8/libgcc.a(_aeabi_ldivmod.o)
                              /Applications/Marmalade.app/Contents/s3e/edk/lib/android/libedk.a(IwDebug.o) (__aeabi_ldivmod)
/Users/monroe/Library/Android/android-ndk-r10e/toolchains/arm-linux-androideabi-4.8/prebuilt/darwin-x86_64/bin/../lib/gcc/arm-linux-androideabi/4.8/libgcc.a(_dvmd_lnx.o)
                              /Users/monroe/Library/Android/android-ndk-r10e/toolchains/arm-linux-androideabi-4.8/prebuilt/darwin-x86_64/bin/../lib/gcc/arm-linux-androideabi/4.8/libgcc.a(_aeabi_ldivmod.o) (__aeabi_ldiv0)
/Users/monroe/Library/Android/android-ndk-r10e/toolchains/arm-linux-androideabi-4.8/prebuilt/darwin-x86_64/bin/../lib/gcc/arm-linux-androideabi/4.8/libgcc.a(bpabi.o)
                              /Users/monroe/Library/Android/android-ndk-r10e/toolchains/arm-linux-androideabi-4.8/prebuilt/darwin-x86_64/bin/../lib/gcc/arm-linux-androideabi/4.8/libgcc.a(_aeabi_ldivmod.o) (__gnu_ldivmod_helper)
/Users/monroe/Library/Android/android-ndk-r10e/toolchains/arm-linux-androideabi-4.8/prebuilt/darwin-x86_64/bin/../lib/gcc/arm-linux-androideabi/4.8/libgcc.a(unwind-arm.o)
                              /Users/monroe/Library/Android/android-ndk-r10e/toolchains/arm-linux-androideabi-4.8/prebuilt/darwin-x86_64/bin/../lib/gcc/arm-linux-androideabi/4.8/libgcc.a(bpabi.o) (__aeabi_unwind_cpp_pr0)
/Users/monroe/Library/Android/android-ndk-r10e/toolchains/arm-linux-androideabi-4.8/prebuilt/darwin-x86_64/bin/../lib/gcc/arm-linux-androideabi/4.8/libgcc.a(libunwind.o)
                              /Users/monroe/Library/Android/android-ndk-r10e/toolchains/arm-linux-androideabi-4.8/prebuilt/darwin-x86_64/bin/../lib/gcc/arm-linux-androideabi/4.8/libgcc.a(unwind-arm.o) (restore_core_regs)
/Users/monroe/Library/Android/android-ndk-r10e/toolchains/arm-linux-androideabi-4.8/prebuilt/darwin-x86_64/bin/../lib/gcc/arm-linux-androideabi/4.8/libgcc.a(pr-support.o)
                              /Users/monroe/Library/Android/android-ndk-r10e/toolchains/arm-linux-androideabi-4.8/prebuilt/darwin-x86_64/bin/../lib/gcc/arm-linux-androideabi/4.8/libgcc.a(unwind-arm.o) (__gnu_unwind_execute)
/Users/monroe/Library/Android/android-ndk-r10e/toolchains/arm-linux-androideabi-4.8/prebuilt/darwin-x86_64/bin/../lib/gcc/arm-linux-androideabi/4.8/libgcc.a(_divdi3.o)
                              /Users/monroe/Library/Android/android-ndk-r10e/toolchains/arm-linux-androideabi-4.8/prebuilt/darwin-x86_64/bin/../lib/gcc/arm-linux-androideabi/4.8/libgcc.a(bpabi.o) (__divdi3)
/Users/monroe/Library/Android/android-ndk-r10e/toolchains/arm-linux-androideabi-4.8/prebuilt/darwin-x86_64/bin/../lib/gcc/arm-linux-androideabi/4.8/libgcc.a(_udivdi3.o)
                              /Users/monroe/Library/Android/android-ndk-r10e/toolchains/arm-linux-androideabi-4.8/prebuilt/darwin-x86_64/bin/../lib/gcc/arm-linux-androideabi/4.8/libgcc.a(bpabi.o) (__udivdi3)
/Users/monroe/Library/Android/android-ndk-r10e/toolchains/arm-linux-androideabi-4.8/prebuilt/darwin-x86_64/bin/../lib/gcc/arm-linux-androideabi/4.8/libgcc.a(_udivsi3.o)
                              /Users/monroe/Library/Android/android-ndk-r10e/toolchains/arm-linux-androideabi-4.8/prebuilt/darwin-x86_64/bin/../lib/gcc/arm-linux-androideabi/4.8/libgcc.a(_divdi3.o) (__aeabi_uidiv)

Discarded input sections

 .note.GNU-stack
                0x0000000000000000        0x0 /Users/monroe/Library/Android/android-ndk-r10e/platforms/android-14/arch-arm/usr/lib/crtbegin_so.o
 .group         0x0000000000000000        0x8 debug/Heyzap_platform.os
 .group         0x0000000000000000        0x8 debug/Heyzap_platform.os
 .group         0x0000000000000000        0x8 debug/Heyzap_platform.os
 .group         0x0000000000000000        0x8 debug/Heyzap_platform.os
 .group         0x0000000000000000        0x8 debug/Heyzap_platform.os
 .group         0x0000000000000000        0x8 debug/Heyzap_platform.os
 .group         0x0000000000000000        0x8 debug/Heyzap_platform.os
 .group         0x0000000000000000        0x8 debug/Heyzap_platform.os
 .group         0x0000000000000000        0x8 debug/Heyzap_platform.os
 .group         0x0000000000000000        0x8 debug/Heyzap_platform.os
 .group         0x0000000000000000        0x8 debug/Heyzap_platform.os
 .group         0x0000000000000000        0x8 debug/Heyzap_platform.os
 .group         0x0000000000000000        0x8 debug/Heyzap_platform.os
 .note.GNU-stack
                0x0000000000000000        0x0 debug/Heyzap_platform.os
 .note.GNU-stack
                0x0000000000000000        0x0 debug/Heyzap.os
 .note.GNU-stack
                0x0000000000000000        0x0 debug/Heyzap_register.os
 .note.GNU-stack
                0x0000000000000000        0x0 /Applications/Marmalade.app/Contents/s3e/edk/lib/android/libedk.a(IwDebug.o)
 .note.GNU-stack
                0x0000000000000000        0x0 /Applications/Marmalade.app/Contents/s3e/edk/lib/android/libedk.a(edk_helpers.o)
 .note.GNU-stack
                0x0000000000000000        0x0 /Users/monroe/Library/Android/android-ndk-r10e/toolchains/arm-linux-androideabi-4.8/prebuilt/darwin-x86_64/bin/../lib/gcc/arm-linux-androideabi/4.8/libgcc.a(_aeabi_ldivmod.o)
 .note.GNU-stack
                0x0000000000000000        0x0 /Users/monroe/Library/Android/android-ndk-r10e/toolchains/arm-linux-androideabi-4.8/prebuilt/darwin-x86_64/bin/../lib/gcc/arm-linux-androideabi/4.8/libgcc.a(_dvmd_lnx.o)
 .note.GNU-stack
                0x0000000000000000        0x0 /Users/monroe/Library/Android/android-ndk-r10e/toolchains/arm-linux-androideabi-4.8/prebuilt/darwin-x86_64/bin/../lib/gcc/arm-linux-androideabi/4.8/libgcc.a(bpabi.o)
 .note.GNU-stack
                0x0000000000000000        0x0 /Users/monroe/Library/Android/android-ndk-r10e/toolchains/arm-linux-androideabi-4.8/prebuilt/darwin-x86_64/bin/../lib/gcc/arm-linux-androideabi/4.8/libgcc.a(unwind-arm.o)
 .note.GNU-stack
                0x0000000000000000        0x0 /Users/monroe/Library/Android/android-ndk-r10e/toolchains/arm-linux-androideabi-4.8/prebuilt/darwin-x86_64/bin/../lib/gcc/arm-linux-androideabi/4.8/libgcc.a(libunwind.o)
 .note.GNU-stack
                0x0000000000000000        0x0 /Users/monroe/Library/Android/android-ndk-r10e/toolchains/arm-linux-androideabi-4.8/prebuilt/darwin-x86_64/bin/../lib/gcc/arm-linux-androideabi/4.8/libgcc.a(pr-support.o)
 .note.GNU-stack
                0x0000000000000000        0x0 /Users/monroe/Library/Android/android-ndk-r10e/toolchains/arm-linux-androideabi-4.8/prebuilt/darwin-x86_64/bin/../lib/gcc/arm-linux-androideabi/4.8/libgcc.a(_divdi3.o)
 .note.GNU-stack
                0x0000000000000000        0x0 /Users/monroe/Library/Android/android-ndk-r10e/toolchains/arm-linux-androideabi-4.8/prebuilt/darwin-x86_64/bin/../lib/gcc/arm-linux-androideabi/4.8/libgcc.a(_udivdi3.o)
 .note.GNU-stack
                0x0000000000000000        0x0 /Users/monroe/Library/Android/android-ndk-r10e/toolchains/arm-linux-androideabi-4.8/prebuilt/darwin-x86_64/bin/../lib/gcc/arm-linux-androideabi/4.8/libgcc.a(_udivsi3.o)
 .note.GNU-stack
                0x0000000000000000        0x0 /Users/monroe/Library/Android/android-ndk-r10e/platforms/android-14/arch-arm/usr/lib/crtend_so.o

Memory Configuration

Name             Origin             Length             Attributes
*default*        0x0000000000000000 0xffffffffffffffff

Linker script and memory map

LOAD /Users/monroe/Library/Android/android-ndk-r10e/platforms/android-14/arch-arm/usr/lib/crtbegin_so.o
LOAD debug/Heyzap_platform.os
LOAD debug/Heyzap.os
LOAD debug/Heyzap_register.os
LOAD /Applications/Marmalade.app/Contents/s3e/edk/lib/android/libedk.a
LOAD /Applications/Marmalade.app/Contents/s3e/edk/lib/android/libplaceholderplaceholderplaceholderplaceholderplaceholder.so
LOAD /Users/monroe/Library/Android/android-ndk-r10e/platforms/android-14/arch-arm/usr/lib/liblog.so
LOAD /Users/monroe/Library/Android/android-ndk-r10e/sources/cxx-stl/gnu-libstdc++/4.8/libs/armeabi/libgnustl_static.a
LOAD /Users/monroe/Library/Android/android-ndk-r10e/toolchains/arm-linux-androideabi-4.8/prebuilt/darwin-x86_64/bin/../lib/gcc/arm-linux-androideabi/4.8/libgcc.a
LOAD /Users/monroe/Library/Android/android-ndk-r10e/platforms/android-14/arch-arm/usr/lib/libstdc++.so
LOAD /Users/monroe/Library/Android/android-ndk-r10e/platforms/android-14/arch-arm/usr/lib/libm.so
LOAD /Users/monroe/Library/Android/android-ndk-r10e/platforms/android-14/arch-arm/usr/lib/libc.so
LOAD /Users/monroe/Library/Android/android-ndk-r10e/toolchains/arm-linux-androideabi-4.8/prebuilt/darwin-x86_64/bin/../lib/gcc/arm-linux-androideabi/4.8/libgcc.a
LOAD /Users/monroe/Library/Android/android-ndk-r10e/platforms/android-14/arch-arm/usr/lib/libc.so
LOAD /Users/monroe/Library/Android/android-ndk-r10e/platforms/android-14/arch-arm/usr/lib/libdl.so
LOAD /Users/monroe/Library/Android/android-ndk-r10e/toolchains/arm-linux-androideabi-4.8/prebuilt/darwin-x86_64/bin/../lib/gcc/arm-linux-androideabi/4.8/libgcc.a
LOAD /Users/monroe/Library/Android/android-ndk-r10e/platforms/android-14/arch-arm/usr/lib/crtend_so.o
                0x00000000000000f4                . = (0x0 + SIZEOF_HEADERS)

.note.gnu.build-id
 *(.note.gnu.build-id)

.hash           0x00000000000000f4      0x298
 *(.hash)
 .hash          0x00000000000000f4      0x298 /Users/monroe/Library/Android/android-ndk-r10e/platforms/android-14/arch-arm/usr/lib/crtbegin_so.o

.gnu.hash
 *(.gnu.hash)

.dynsym         0x000000000000038c      0x610
 *(.dynsym)
 .dynsym        0x000000000000038c      0x610 /Users/monroe/Library/Android/android-ndk-r10e/platforms/android-14/arch-arm/usr/lib/crtbegin_so.o

.dynstr         0x000000000000099c      0x684
 *(.dynstr)
 .dynstr        0x000000000000099c      0x684 /Users/monroe/Library/Android/android-ndk-r10e/platforms/android-14/arch-arm/usr/lib/crtbegin_so.o

.gnu.version    0x0000000000001020        0x0
 *(.gnu.version)
 .gnu.version   0x0000000000001020        0x0 /Users/monroe/Library/Android/android-ndk-r10e/platforms/android-14/arch-arm/usr/lib/crtbegin_so.o

.gnu.version_d  0x0000000000001020        0x0
 *(.gnu.version_d)
 .gnu.version_d
                0x0000000000001020        0x0 /Users/monroe/Library/Android/android-ndk-r10e/platforms/android-14/arch-arm/usr/lib/crtbegin_so.o

.gnu.version_r  0x0000000000001020        0x0
 *(.gnu.version_r)
 .gnu.version_r
                0x0000000000001020        0x0 /Users/monroe/Library/Android/android-ndk-r10e/platforms/android-14/arch-arm/usr/lib/crtbegin_so.o

.rel.dyn        0x0000000000001020       0xc8
 *(.rel.init)
 *(.rel.text .rel.text.* .rel.gnu.linkonce.t.*)
 *(.rel.fini)
 *(.rel.rodata .rel.rodata.* .rel.gnu.linkonce.r.*)
 *(.rel.data.rel.ro .rel.data.rel.ro.* .rel.gnu.linkonce.d.rel.ro.*)
 .rel.data.rel.ro
                0x0000000000001020       0x18 /Users/monroe/Library/Android/android-ndk-r10e/platforms/android-14/arch-arm/usr/lib/crtbegin_so.o
 *(.rel.data .rel.data.* .rel.gnu.linkonce.d.*)
 *(.rel.tdata .rel.tdata.* .rel.gnu.linkonce.td.*)
 *(.rel.tbss .rel.tbss.* .rel.gnu.linkonce.tb.*)
 *(.rel.ctors)
 *(.rel.dtors)
 *(.rel.got)
 .rel.got       0x0000000000001038       0xa0 /Users/monroe/Library/Android/android-ndk-r10e/platforms/android-14/arch-arm/usr/lib/crtbegin_so.o
 *(.rel.bss .rel.bss.* .rel.gnu.linkonce.b.*)
 *(.rel.iplt)
 .rel.iplt      0x00000000000010d8        0x0 /Users/monroe/Library/Android/android-ndk-r10e/platforms/android-14/arch-arm/usr/lib/crtbegin_so.o
 .rel.fini_array
                0x00000000000010d8        0x8 /Users/monroe/Library/Android/android-ndk-r10e/platforms/android-14/arch-arm/usr/lib/crtbegin_so.o
 .rel.init_array
                0x00000000000010e0        0x8 /Users/monroe/Library/Android/android-ndk-r10e/platforms/android-14/arch-arm/usr/lib/crtbegin_so.o

.rela.dyn
 *(.rela.init)
 *(.rela.text .rela.text.* .rela.gnu.linkonce.t.*)
 *(.rela.fini)
 *(.rela.rodata .rela.rodata.* .rela.gnu.linkonce.r.*)
 *(.rela.data .rela.data.* .rela.gnu.linkonce.d.*)
 *(.rela.tdata .rela.tdata.* .rela.gnu.linkonce.td.*)
 *(.rela.tbss .rela.tbss.* .rela.gnu.linkonce.tb.*)
 *(.rela.ctors)
 *(.rela.dtors)
 *(.rela.got)
 *(.rela.bss .rela.bss.* .rela.gnu.linkonce.b.*)
 *(.rela.iplt)

.rel.plt        0x00000000000010e8      0x108
 *(.rel.plt)
 .rel.plt       0x00000000000010e8      0x108 /Users/monroe/Library/Android/android-ndk-r10e/platforms/android-14/arch-arm/usr/lib/crtbegin_so.o

.rela.plt
 *(.rela.plt)

.init
 *(SORT(.init))

.plt            0x00000000000011f0      0x1a0
 *(.plt)
 .plt           0x00000000000011f0      0x1a0 /Users/monroe/Library/Android/android-ndk-r10e/platforms/android-14/arch-arm/usr/lib/crtbegin_so.o

.iplt           0x0000000000001390        0x0
 *(.iplt)
 .iplt          0x0000000000001390        0x0 /Users/monroe/Library/Android/android-ndk-r10e/platforms/android-14/arch-arm/usr/lib/crtbegin_so.o

.text           0x0000000000001390     0x431c
 *(.text.unlikely .text.*_unlikely .text.unlikely.*)
 *(.text.exit .text.exit.*)
 .text.exit     0x0000000000001390       0x10 /Users/monroe/Library/Android/android-ndk-r10e/platforms/android-14/arch-arm/usr/lib/crtbegin_so.o
                0x0000000000001390                __on_dlclose
 *(.text.startup .text.startup.*)
 .text.startup._GLOBAL__sub_I_IwDebug.cpp
                0x00000000000013a0       0x88 /Applications/Marmalade.app/Contents/s3e/edk/lib/android/libedk.a(IwDebug.o)
 *(.text.hot .text.hot.*)
 *(.text .stub .text.* .gnu.linkonce.t.*)
 .text          0x0000000000001428       0x34 /Users/monroe/Library/Android/android-ndk-r10e/platforms/android-14/arch-arm/usr/lib/crtbegin_so.o
                0x0000000000001428                __atexit_handler_wrapper
                0x000000000000143c                atexit
 .text          0x000000000000145c      0xda8 debug/Heyzap_platform.os
                0x0000000000001560                Heyzap_nativeCallback(_JNIEnv*, _jobject*, int)
                0x00000000000017e8                HeyzapInit_platform()
                0x0000000000001ddc                HeyzapTerminate_platform()
                0x0000000000001e24                HeyzapStart_platform(char const*)
                0x0000000000001e84                HeyzapFetchInterstitial_platform(char const*)
                0x0000000000001ee4                HeyzapShowInterstitial_platform(char const*)
                0x0000000000001f44                HeyzapFetchVideo_platform(char const*)
                0x0000000000001fa4                HeyzapShowVideo_platform(char const*)
                0x0000000000002004                HeyzapFetchRewarded_platform(char const*)
                0x0000000000002064                HeyzapShowRewarded_platform(char const*)
                0x00000000000020c4                HeyzapShowBanner_platform(bool, char const*)
                0x000000000000212c                HeyzapHideBanner_platform()
                0x0000000000002174                HeyzapDestroyBanner_platform()
                0x00000000000021bc                HeyzapStartTestActivity_platform()
 .text._ZN7_JNIEnv9FindClassEPKc
                0x0000000000002204       0x38 debug/Heyzap_platform.os
                0x0000000000002204                _JNIEnv::FindClass(char const*)
 .text._ZN7_JNIEnv17ExceptionOccurredEv
                0x000000000000223c       0x30 debug/Heyzap_platform.os
                0x000000000000223c                _JNIEnv::ExceptionOccurred()
 .text._ZN7_JNIEnv17ExceptionDescribeEv
                0x000000000000226c       0x28 debug/Heyzap_platform.os
                0x000000000000226c                _JNIEnv::ExceptionDescribe()
 .text._ZN7_JNIEnv14ExceptionClearEv
                0x0000000000002294       0x28 debug/Heyzap_platform.os
                0x0000000000002294                _JNIEnv::ExceptionClear()
 .text._ZN7_JNIEnv12NewGlobalRefEP8_jobject
                0x00000000000022bc       0x38 debug/Heyzap_platform.os
                0x00000000000022bc                _JNIEnv::NewGlobalRef(_jobject*)
 .text._ZN7_JNIEnv15DeleteGlobalRefEP8_jobject
                0x00000000000022f4       0x30 debug/Heyzap_platform.os
                0x00000000000022f4                _JNIEnv::DeleteGlobalRef(_jobject*)
 .text._ZN7_JNIEnv14DeleteLocalRefEP8_jobject
                0x0000000000002324       0x30 debug/Heyzap_platform.os
                0x0000000000002324                _JNIEnv::DeleteLocalRef(_jobject*)
 .text._ZN7_JNIEnv9NewObjectEP7_jclassP10_jmethodIDz
                0x0000000000002354       0x58 debug/Heyzap_platform.os
                0x0000000000002354                _JNIEnv::NewObject(_jclass*, _jmethodID*, ...)
 .text._ZN7_JNIEnv11GetMethodIDEP7_jclassPKcS3_
                0x00000000000023ac       0x48 debug/Heyzap_platform.os
                0x00000000000023ac                _JNIEnv::GetMethodID(_jclass*, char const*, char const*)
 .text._ZN7_JNIEnv14CallVoidMethodEP8_jobjectP10_jmethodIDz
                0x00000000000023f4       0x4c debug/Heyzap_platform.os
                0x00000000000023f4                _JNIEnv::CallVoidMethod(_jobject*, _jmethodID*, ...)
 .text._ZN7_JNIEnv12NewStringUTFEPKc
                0x0000000000002440       0x38 debug/Heyzap_platform.os
                0x0000000000002440                _JNIEnv::NewStringUTF(char const*)
 .text._ZN7_JNIEnv15RegisterNativesEP7_jclassPK15JNINativeMethodi
                0x0000000000002478       0x48 debug/Heyzap_platform.os
                0x0000000000002478                _JNIEnv::RegisterNatives(_jclass*, JNINativeMethod const*, int)
 .text._ZN7_JavaVM6GetEnvEPPvi
                0x00000000000024c0       0x40 debug/Heyzap_platform.os
                0x00000000000024c0                _JavaVM::GetEnv(void**, int)
 .text          0x0000000000002500      0x134 debug/Heyzap.os
                0x0000000000002500                HeyzapInit()
                0x0000000000002514                HeyzapTerminate()
                0x0000000000002520                HeyzapStart
                0x000000000000253c                HeyzapFetchInterstitial
                0x0000000000002558                HeyzapShowInterstitial
                0x0000000000002574                HeyzapFetchVideo
                0x0000000000002590                HeyzapShowVideo
                0x00000000000025ac                HeyzapFetchRewarded
                0x00000000000025c8                HeyzapShowRewarded
                0x00000000000025e4                HeyzapShowBanner
                0x0000000000002610                HeyzapHideBanner
                0x000000000000261c                HeyzapDestroyBanner
                0x0000000000002628                HeyzapStartTestActivity
 .text          0x0000000000002634      0x274 debug/Heyzap_register.os
                0x0000000000002634                HeyzapRegister
                0x0000000000002684                HeyzapUnRegister
                0x00000000000026c8                HeyzapRegisterExt()
                0x000000000000289c                RegisterExt
 .text          0x00000000000028a8        0x0 /Applications/Marmalade.app/Contents/s3e/edk/lib/android/libedk.a(IwDebug.o)
 .text.IwDebugClearConfigCache
                0x00000000000028a8       0x80 /Applications/Marmalade.app/Contents/s3e/edk/lib/android/libedk.a(IwDebug.o)
                0x00000000000028a8                IwDebugClearConfigCache
 .text.IwDebugAssertIsChannelOn
                0x0000000000002928      0x1ec /Applications/Marmalade.app/Contents/s3e/edk/lib/android/libedk.a(IwDebug.o)
                0x0000000000002928                IwDebugAssertIsChannelOn
 .text.IwDebugAssertShow
                0x0000000000002b14      0x2e8 /Applications/Marmalade.app/Contents/s3e/edk/lib/android/libedk.a(IwDebug.o)
                0x0000000000002b14                IwDebugAssertShow
 .text.IwDebugAssertSetSolution
                0x0000000000002dfc       0xb4 /Applications/Marmalade.app/Contents/s3e/edk/lib/android/libedk.a(IwDebug.o)
                0x0000000000002dfc                IwDebugAssertSetSolution
 .text.IwDebugAssertSetMessage
                0x0000000000002eb0       0xfc /Applications/Marmalade.app/Contents/s3e/edk/lib/android/libedk.a(IwDebug.o)
                0x0000000000002eb0                IwDebugAssertSetMessage
 .text.IwAssertRegisterTextCallback
                0x0000000000002fac       0x1c /Applications/Marmalade.app/Contents/s3e/edk/lib/android/libedk.a(IwDebug.o)
                0x0000000000002fac                IwAssertRegisterTextCallback
 .text.IwAssertRegisterCallback
                0x0000000000002fc8       0x1c /Applications/Marmalade.app/Contents/s3e/edk/lib/android/libedk.a(IwDebug.o)
                0x0000000000002fc8                IwAssertRegisterCallback
 .text.IwDebugTraceDisable
                0x0000000000002fe4       0x10 /Applications/Marmalade.app/Contents/s3e/edk/lib/android/libedk.a(IwDebug.o)
                0x0000000000002fe4                IwDebugTraceDisable
 .text.IwDebugTraceIsChannelOn
                0x0000000000002ff4      0x27c /Applications/Marmalade.app/Contents/s3e/edk/lib/android/libedk.a(IwDebug.o)
                0x0000000000002ff4                IwDebugTraceIsChannelOn
 .text.IwDebugTraceSetTraceChannel
                0x0000000000003270       0x1c /Applications/Marmalade.app/Contents/s3e/edk/lib/android/libedk.a(IwDebug.o)
                0x0000000000003270                IwDebugTraceSetTraceChannel
 .text.IwDebugTraceChannelSwitch
                0x000000000000328c      0x1e4 /Applications/Marmalade.app/Contents/s3e/edk/lib/android/libedk.a(IwDebug.o)
                0x000000000000328c                IwDebugTraceChannelSwitch
 .text.IwDebugTraceLineVPrintf
                0x0000000000003470       0xfc /Applications/Marmalade.app/Contents/s3e/edk/lib/android/libedk.a(IwDebug.o)
                0x0000000000003470                IwDebugTraceLineVPrintf
 .text.IwDebugTraceLinePrintf
                0x000000000000356c       0x30 /Applications/Marmalade.app/Contents/s3e/edk/lib/android/libedk.a(IwDebug.o)
                0x000000000000356c                IwDebugTraceLinePrintf
 .text.IwDebugErrorRegisterCallback
                0x000000000000359c       0x1c /Applications/Marmalade.app/Contents/s3e/edk/lib/android/libedk.a(IwDebug.o)
                0x000000000000359c                IwDebugErrorRegisterCallback
 .text.IwDebugErrorShow
                0x00000000000035b8      0x108 /Applications/Marmalade.app/Contents/s3e/edk/lib/android/libedk.a(IwDebug.o)
                0x00000000000035b8                IwDebugErrorShow
 .text.IwDebugAssertSetUID
                0x00000000000036c0       0x14 /Applications/Marmalade.app/Contents/s3e/edk/lib/android/libedk.a(IwDebug.o)
                0x00000000000036c0                IwDebugAssertSetUID
 .text          0x00000000000036d4        0x0 /Applications/Marmalade.app/Contents/s3e/edk/lib/android/libedk.a(edk_helpers.o)
 .text.s3eEdkErrorSetString
                0x00000000000036d4       0x30 /Applications/Marmalade.app/Contents/s3e/edk/lib/android/libedk.a(edk_helpers.o)
                0x00000000000036d4                s3eEdkErrorSetString
 .text.s3eEdkThreadRunOnOS
                0x0000000000003704       0x30 /Applications/Marmalade.app/Contents/s3e/edk/lib/android/libedk.a(edk_helpers.o)
                0x0000000000003704                s3eEdkThreadRunOnOS
 .text.s3eEdkThreadRunOnOSAsync
                0x0000000000003734       0x30 /Applications/Marmalade.app/Contents/s3e/edk/lib/android/libedk.a(edk_helpers.o)
                0x0000000000003734                s3eEdkThreadRunOnOSAsync
 .text          0x0000000000003764       0x44 /Users/monroe/Library/Android/android-ndk-r10e/toolchains/arm-linux-androideabi-4.8/prebuilt/darwin-x86_64/bin/../lib/gcc/arm-linux-androideabi/4.8/libgcc.a(_aeabi_ldivmod.o)
                0x0000000000003764                __aeabi_ldivmod
 .text          0x00000000000037a8       0x10 /Users/monroe/Library/Android/android-ndk-r10e/toolchains/arm-linux-androideabi-4.8/prebuilt/darwin-x86_64/bin/../lib/gcc/arm-linux-androideabi/4.8/libgcc.a(_dvmd_lnx.o)
                0x00000000000037a8                __aeabi_ldiv0
                0x00000000000037a8                __aeabi_idiv0
 .text          0x00000000000037b8       0x78 /Users/monroe/Library/Android/android-ndk-r10e/toolchains/arm-linux-androideabi-4.8/prebuilt/darwin-x86_64/bin/../lib/gcc/arm-linux-androideabi/4.8/libgcc.a(bpabi.o)
                0x00000000000037b8                __gnu_ldivmod_helper
                0x00000000000037f4                __gnu_uldivmod_helper
 .text          0x0000000000003830      0xeec /Users/monroe/Library/Android/android-ndk-r10e/toolchains/arm-linux-androideabi-4.8/prebuilt/darwin-x86_64/bin/../lib/gcc/arm-linux-androideabi/4.8/libgcc.a(unwind-arm.o)
                0x0000000000003c68                _Unwind_GetCFA
                0x0000000000003c70                __gnu_Unwind_RaiseException
                0x0000000000003d14                __gnu_Unwind_ForcedUnwind
                0x0000000000003d30                __gnu_Unwind_Resume
                0x0000000000003da4                __gnu_Unwind_Resume_or_Rethrow
                0x0000000000003dc4                _Unwind_Complete
                0x0000000000003dc8                _Unwind_DeleteException
                0x0000000000003de8                _Unwind_VRS_Get
                0x0000000000003e6c                _Unwind_VRS_Set
                0x0000000000003ef4                __gnu_Unwind_Backtrace
                0x00000000000043ac                __aeabi_unwind_cpp_pr0
                0x00000000000043b4                __aeabi_unwind_cpp_pr1
                0x00000000000043bc                __aeabi_unwind_cpp_pr2
                0x00000000000043c4                _Unwind_VRS_Pop
 .text          0x000000000000471c      0x1a8 /Users/monroe/Library/Android/android-ndk-r10e/toolchains/arm-linux-androideabi-4.8/prebuilt/darwin-x86_64/bin/../lib/gcc/arm-linux-androideabi/4.8/libgcc.a(libunwind.o)
                0x000000000000471c                __restore_core_regs
                0x000000000000471c                restore_core_regs
                0x0000000000004730                __gnu_Unwind_Restore_VFP
                0x0000000000004738                __gnu_Unwind_Save_VFP
                0x0000000000004740                __gnu_Unwind_Restore_VFP_D
                0x0000000000004748                __gnu_Unwind_Save_VFP_D
                0x0000000000004750                __gnu_Unwind_Restore_VFP_D_16_to_31
                0x0000000000004758                __gnu_Unwind_Save_VFP_D_16_to_31
                0x0000000000004760                __gnu_Unwind_Restore_WMMXD
                0x00000000000047a4                __gnu_Unwind_Save_WMMXD
                0x00000000000047e8                __gnu_Unwind_Restore_WMMXC
                0x00000000000047fc                __gnu_Unwind_Save_WMMXC
                0x0000000000004810                _Unwind_RaiseException
                0x0000000000004810                ___Unwind_RaiseException
                0x0000000000004834                ___Unwind_Resume
                0x0000000000004834                _Unwind_Resume
                0x0000000000004858                ___Unwind_Resume_or_Rethrow
                0x0000000000004858                _Unwind_Resume_or_Rethrow
                0x000000000000487c                _Unwind_ForcedUnwind
                0x000000000000487c                ___Unwind_ForcedUnwind
                0x00000000000048a0                _Unwind_Backtrace
                0x00000000000048a0                ___Unwind_Backtrace
 .text          0x00000000000048c4      0x484 /Users/monroe/Library/Android/android-ndk-r10e/toolchains/arm-linux-androideabi-4.8/prebuilt/darwin-x86_64/bin/../lib/gcc/arm-linux-androideabi/4.8/libgcc.a(pr-support.o)
                0x0000000000004950                __gnu_unwind_execute
                0x0000000000004ccc                __gnu_unwind_frame
                0x0000000000004d0c                _Unwind_GetRegionStart
                0x0000000000004d1c                _Unwind_GetLanguageSpecificData
                0x0000000000004d38                _Unwind_GetDataRelBase
                0x0000000000004d40                _Unwind_GetTextRelBase
 .text          0x0000000000004d48      0x498 /Users/monroe/Library/Android/android-ndk-r10e/toolchains/arm-linux-androideabi-4.8/prebuilt/darwin-x86_64/bin/../lib/gcc/arm-linux-androideabi/4.8/libgcc.a(_divdi3.o)
                0x0000000000004d48                __divdi3
 .text          0x00000000000051e0      0x404 /Users/monroe/Library/Android/android-ndk-r10e/toolchains/arm-linux-androideabi-4.8/prebuilt/darwin-x86_64/bin/../lib/gcc/arm-linux-androideabi/4.8/libgcc.a(_udivdi3.o)
                0x00000000000051e0                __udivdi3
 .text          0x00000000000055e4       0xc8 /Users/monroe/Library/Android/android-ndk-r10e/toolchains/arm-linux-androideabi-4.8/prebuilt/darwin-x86_64/bin/../lib/gcc/arm-linux-androideabi/4.8/libgcc.a(_udivsi3.o)
                0x00000000000055e4                __udivsi3
                0x00000000000055e4                __aeabi_uidiv
                0x000000000000568c                __aeabi_uidivmod
 .text          0x00000000000056ac        0x0 /Users/monroe/Library/Android/android-ndk-r10e/platforms/android-14/arch-arm/usr/lib/crtend_so.o
 *(.gnu.warning)
 *(.glue_7t)
 .glue_7t       0x00000000000056ac        0x0 linker stubs
 *(.glue_7)
 .glue_7        0x00000000000056ac        0x0 linker stubs
 *(.vfp11_veneer)
 .vfp11_veneer  0x00000000000056ac        0x0 linker stubs
 *(.v4_bx)
 .v4_bx         0x00000000000056ac        0x0 linker stubs

.fini
 *(SORT(.fini))
                0x00000000000056ac                PROVIDE (__etext, .)
                0x00000000000056ac                PROVIDE (_etext, .)
                0x00000000000056ac                PROVIDE (etext, .)

.rodata         0x00000000000056ac      0x2a4
 *(.rodata .rodata.* .gnu.linkonce.r.*)
 .rodata        0x00000000000056ac      0x180 debug/Heyzap_platform.os
 .rodata        0x000000000000582c        0x8 debug/Heyzap_register.os
 .rodata.str1.4
                0x0000000000005834      0x11c /Applications/Marmalade.app/Contents/s3e/edk/lib/android/libedk.a(IwDebug.o)
                                        0x120 (size before relaxing)

.rodata1
 *(.rodata1)

.ARM.extab      0x0000000000005950       0x48
 *(.ARM.extab* .gnu.linkonce.armextab.*)
 .ARM.extab     0x0000000000005950        0xc /Users/monroe/Library/Android/android-ndk-r10e/toolchains/arm-linux-androideabi-4.8/prebuilt/darwin-x86_64/bin/../lib/gcc/arm-linux-androideabi/4.8/libgcc.a(_dvmd_lnx.o)
 .ARM.extab     0x000000000000595c        0x0 /Users/monroe/Library/Android/android-ndk-r10e/toolchains/arm-linux-androideabi-4.8/prebuilt/darwin-x86_64/bin/../lib/gcc/arm-linux-androideabi/4.8/libgcc.a(bpabi.o)
 .ARM.extab     0x000000000000595c        0xc /Users/monroe/Library/Android/android-ndk-r10e/toolchains/arm-linux-androideabi-4.8/prebuilt/darwin-x86_64/bin/../lib/gcc/arm-linux-androideabi/4.8/libgcc.a(unwind-arm.o)
 .ARM.extab     0x0000000000005968       0x30 /Users/monroe/Library/Android/android-ndk-r10e/toolchains/arm-linux-androideabi-4.8/prebuilt/darwin-x86_64/bin/../lib/gcc/arm-linux-androideabi/4.8/libgcc.a(pr-support.o)
 .ARM.extab     0x0000000000005998        0x0 /Users/monroe/Library/Android/android-ndk-r10e/toolchains/arm-linux-androideabi-4.8/prebuilt/darwin-x86_64/bin/../lib/gcc/arm-linux-androideabi/4.8/libgcc.a(_divdi3.o)
 .ARM.extab     0x0000000000005998        0x0 /Users/monroe/Library/Android/android-ndk-r10e/toolchains/arm-linux-androideabi-4.8/prebuilt/darwin-x86_64/bin/../lib/gcc/arm-linux-androideabi/4.8/libgcc.a(_udivdi3.o)
                0x0000000000005998                PROVIDE (__exidx_start, .)

.ARM.exidx      0x0000000000005998      0x128
 *(.ARM.exidx* .gnu.linkonce.armexidx.*)
 .ARM.exidx     0x0000000000005998        0x8 /Users/monroe/Library/Android/android-ndk-r10e/toolchains/arm-linux-androideabi-4.8/prebuilt/darwin-x86_64/bin/../lib/gcc/arm-linux-androideabi/4.8/libgcc.a(_dvmd_lnx.o)
 .ARM.exidx     0x00000000000059a0        0x8 /Users/monroe/Library/Android/android-ndk-r10e/toolchains/arm-linux-androideabi-4.8/prebuilt/darwin-x86_64/bin/../lib/gcc/arm-linux-androideabi/4.8/libgcc.a(bpabi.o)
                                         0x10 (size before relaxing)
 .ARM.exidx     0x00000000000059a8       0xb8 /Users/monroe/Library/Android/android-ndk-r10e/toolchains/arm-linux-androideabi-4.8/prebuilt/darwin-x86_64/bin/../lib/gcc/arm-linux-androideabi/4.8/libgcc.a(unwind-arm.o)
                                         0xd8 (size before relaxing)
 .ARM.exidx     0x0000000000005a60       0x48 /Users/monroe/Library/Android/android-ndk-r10e/toolchains/arm-linux-androideabi-4.8/prebuilt/darwin-x86_64/bin/../lib/gcc/arm-linux-androideabi/4.8/libgcc.a(pr-support.o)
 .ARM.exidx     0x0000000000005aa8        0x8 /Users/monroe/Library/Android/android-ndk-r10e/toolchains/arm-linux-androideabi-4.8/prebuilt/darwin-x86_64/bin/../lib/gcc/arm-linux-androideabi/4.8/libgcc.a(_divdi3.o)
 .ARM.exidx     0x0000000000005ab0       0x10 /Users/monroe/Library/Android/android-ndk-r10e/toolchains/arm-linux-androideabi-4.8/prebuilt/darwin-x86_64/bin/../lib/gcc/arm-linux-androideabi/4.8/libgcc.a(_udivdi3.o)
                                          0x8 (size before relaxing)
                0x0000000000005ac0                PROVIDE (__exidx_end, .)

.eh_frame_hdr   0x0000000000005ac0        0x0
 *(.eh_frame_hdr)
 .eh_frame_hdr  0x0000000000005ac0        0x0 /Users/monroe/Library/Android/android-ndk-r10e/platforms/android-14/arch-arm/usr/lib/crtend_so.o

.eh_frame
 *(.eh_frame)

.gcc_except_table
 *(.gcc_except_table .gcc_except_table.*)

.exception_ranges
 *(.exception_ranges .exception_ranges*)
                0x0000000000010000                . = ALIGN (0x10000)
                0x0000000000010e0c                . = DATA_SEGMENT_ALIGN (0x10000, 0x1000)

.eh_frame
 *(.eh_frame)

.gcc_except_table
 *(.gcc_except_table .gcc_except_table.*)

.exception_ranges
 *(.exception_ranges .exception_ranges*)

.tdata
 *(.tdata .tdata.* .gnu.linkonce.td.*)

.tbss
 *(.tbss .tbss.* .gnu.linkonce.tb.*)
 *(.tcommon)
                0x0000000000010e0c                . = ALIGN (0x4)

.preinit_array
 *(.preinit_array)

.init_array     0x0000000000010e0c        0x8
 *crtbegin*.o(.init_array)
 *(SORT(.init_array.*) SORT(.ctors.*))
 *(.init_array EXCLUDE_FILE(*crtend*.o *crtend.o *crtbegin*.o *crtbegin.o) .ctors)
 .init_array    0x0000000000010e0c        0x4 /Applications/Marmalade.app/Contents/s3e/edk/lib/android/libedk.a(IwDebug.o)
 .init_array    0x0000000000010e10        0x4 /Users/monroe/Library/Android/android-ndk-r10e/platforms/android-14/arch-arm/usr/lib/crtend_so.o

.fini_array     0x0000000000010e14        0x8
 *crtbegin*.o(.fini_array)
 .fini_array    0x0000000000010e14        0x4 /Users/monroe/Library/Android/android-ndk-r10e/platforms/android-14/arch-arm/usr/lib/crtbegin_so.o
 *(SORT(.fini_array.*) SORT(.dtors.*))
 *(.fini_array EXCLUDE_FILE(*crtend*.o *crtend.o *crtbegin*.o *crtbegin.o) .dtors)
 .fini_array    0x0000000000010e18        0x4 /Users/monroe/Library/Android/android-ndk-r10e/platforms/android-14/arch-arm/usr/lib/crtend_so.o

.ctors
 *crtbegin.o(.ctors)
 *crtbegin*.o(.ctors)
 *(EXCLUDE_FILE(*crtend*.o *crtend.o) .ctors)
 *(SORT(.ctors.*))
 *(.ctors)

.dtors
 *crtbegin.o(.dtors)
 *crtbegin*.o(.dtors)
 *(EXCLUDE_FILE(*crtend*.o *crtend.o) .dtors)
 *(SORT(.dtors.*))
 *(.dtors)

.jcr
 *(.jcr)

.data.rel.ro    0x0000000000010e1c        0xc
 *(.data.rel.ro.local* .gnu.linkonce.d.rel.ro.local.*)
 *(.data.rel.ro .data.rel.ro.* .gnu.linkonce.d.rel.ro.*)
 .data.rel.ro   0x0000000000010e1c        0xc debug/Heyzap_platform.os

.dynamic        0x0000000000010e28       0xf8
 *(.dynamic)
 .dynamic       0x0000000000010e28       0xf8 /Users/monroe/Library/Android/android-ndk-r10e/platforms/android-14/arch-arm/usr/lib/crtbegin_so.o
                0x0000000000010e28                _DYNAMIC

.got            0x0000000000010f20       0xe0
 *(.got.plt)
 .got.plt       0x0000000000010f20       0x90 /Users/monroe/Library/Android/android-ndk-r10e/platforms/android-14/arch-arm/usr/lib/crtbegin_so.o
                0x0000000000010f20                _GLOBAL_OFFSET_TABLE_
 *(.igot.plt)
 .igot.plt      0x0000000000010fb0        0x0 /Users/monroe/Library/Android/android-ndk-r10e/platforms/android-14/arch-arm/usr/lib/crtbegin_so.o
 *(.got)
 .got           0x0000000000010fb0       0x50 /Users/monroe/Library/Android/android-ndk-r10e/platforms/android-14/arch-arm/usr/lib/crtbegin_so.o
 *(.igot)
                0x0000000000011000                . = DATA_SEGMENT_RELRO_END (., 0x0)

.data           0x0000000000011000        0x4
                0x0000000000011000                PROVIDE (__data_start, .)
 *(.data .data.* .gnu.linkonce.d.*)
 .data          0x0000000000011000        0x4 /Users/monroe/Library/Android/android-ndk-r10e/platforms/android-14/arch-arm/usr/lib/crtbegin_so.o
                0x0000000000011000                __dso_handle
 .data          0x0000000000011004        0x0 debug/Heyzap_platform.os
 .data          0x0000000000011004        0x0 debug/Heyzap.os
 .data          0x0000000000011004        0x0 debug/Heyzap_register.os
 .data          0x0000000000011004        0x0 /Applications/Marmalade.app/Contents/s3e/edk/lib/android/libedk.a(IwDebug.o)
 .data          0x0000000000011004        0x0 /Applications/Marmalade.app/Contents/s3e/edk/lib/android/libedk.a(edk_helpers.o)
 .data          0x0000000000011004        0x0 /Users/monroe/Library/Android/android-ndk-r10e/toolchains/arm-linux-androideabi-4.8/prebuilt/darwin-x86_64/bin/../lib/gcc/arm-linux-androideabi/4.8/libgcc.a(_aeabi_ldivmod.o)
 .data          0x0000000000011004        0x0 /Users/monroe/Library/Android/android-ndk-r10e/toolchains/arm-linux-androideabi-4.8/prebuilt/darwin-x86_64/bin/../lib/gcc/arm-linux-androideabi/4.8/libgcc.a(_dvmd_lnx.o)
 .data          0x0000000000011004        0x0 /Users/monroe/Library/Android/android-ndk-r10e/toolchains/arm-linux-androideabi-4.8/prebuilt/darwin-x86_64/bin/../lib/gcc/arm-linux-androideabi/4.8/libgcc.a(bpabi.o)
 .data          0x0000000000011004        0x0 /Users/monroe/Library/Android/android-ndk-r10e/toolchains/arm-linux-androideabi-4.8/prebuilt/darwin-x86_64/bin/../lib/gcc/arm-linux-androideabi/4.8/libgcc.a(unwind-arm.o)
 .data          0x0000000000011004        0x0 /Users/monroe/Library/Android/android-ndk-r10e/toolchains/arm-linux-androideabi-4.8/prebuilt/darwin-x86_64/bin/../lib/gcc/arm-linux-androideabi/4.8/libgcc.a(libunwind.o)
 .data          0x0000000000011004        0x0 /Users/monroe/Library/Android/android-ndk-r10e/toolchains/arm-linux-androideabi-4.8/prebuilt/darwin-x86_64/bin/../lib/gcc/arm-linux-androideabi/4.8/libgcc.a(pr-support.o)
 .data          0x0000000000011004        0x0 /Users/monroe/Library/Android/android-ndk-r10e/toolchains/arm-linux-androideabi-4.8/prebuilt/darwin-x86_64/bin/../lib/gcc/arm-linux-androideabi/4.8/libgcc.a(_divdi3.o)
 .data          0x0000000000011004        0x0 /Users/monroe/Library/Android/android-ndk-r10e/toolchains/arm-linux-androideabi-4.8/prebuilt/darwin-x86_64/bin/../lib/gcc/arm-linux-androideabi/4.8/libgcc.a(_udivdi3.o)
 .data          0x0000000000011004        0x0 /Users/monroe/Library/Android/android-ndk-r10e/toolchains/arm-linux-androideabi-4.8/prebuilt/darwin-x86_64/bin/../lib/gcc/arm-linux-androideabi/4.8/libgcc.a(_udivsi3.o)
 .data          0x0000000000011004        0x0 /Users/monroe/Library/Android/android-ndk-r10e/platforms/android-14/arch-arm/usr/lib/crtend_so.o

.data1
 *(.data1)
                0x0000000000011004                _edata = .
                0x0000000000011004                PROVIDE (edata, .)
                0x0000000000011004                . = .
                0x0000000000011004                __bss_start = .
                0x0000000000011004                __bss_start__ = .

.bss            0x0000000000011004     0x1a58
 *(.dynbss)
 .dynbss        0x0000000000011004        0x0 /Users/monroe/Library/Android/android-ndk-r10e/platforms/android-14/arch-arm/usr/lib/crtbegin_so.o
 *(.bss .bss.* .gnu.linkonce.b.*)
 .bss           0x0000000000011004        0x0 /Users/monroe/Library/Android/android-ndk-r10e/platforms/android-14/arch-arm/usr/lib/crtbegin_so.o
 .bss           0x0000000000011004       0x30 debug/Heyzap_platform.os
 .bss           0x0000000000011034        0x0 debug/Heyzap.os
 .bss           0x0000000000011034        0x0 debug/Heyzap_register.os
 .bss           0x0000000000011034     0x1a28 /Applications/Marmalade.app/Contents/s3e/edk/lib/android/libedk.a(IwDebug.o)
                0x0000000000011034                g_DebugGlobals
 .bss           0x0000000000012a5c        0x0 /Applications/Marmalade.app/Contents/s3e/edk/lib/android/libedk.a(edk_helpers.o)
 .bss           0x0000000000012a5c        0x0 /Users/monroe/Library/Android/android-ndk-r10e/toolchains/arm-linux-androideabi-4.8/prebuilt/darwin-x86_64/bin/../lib/gcc/arm-linux-androideabi/4.8/libgcc.a(_aeabi_ldivmod.o)
 .bss           0x0000000000012a5c        0x0 /Users/monroe/Library/Android/android-ndk-r10e/toolchains/arm-linux-androideabi-4.8/prebuilt/darwin-x86_64/bin/../lib/gcc/arm-linux-androideabi/4.8/libgcc.a(_dvmd_lnx.o)
 .bss           0x0000000000012a5c        0x0 /Users/monroe/Library/Android/android-ndk-r10e/toolchains/arm-linux-androideabi-4.8/prebuilt/darwin-x86_64/bin/../lib/gcc/arm-linux-androideabi/4.8/libgcc.a(bpabi.o)
 .bss           0x0000000000012a5c        0x0 /Users/monroe/Library/Android/android-ndk-r10e/toolchains/arm-linux-androideabi-4.8/prebuilt/darwin-x86_64/bin/../lib/gcc/arm-linux-androideabi/4.8/libgcc.a(unwind-arm.o)
 .bss           0x0000000000012a5c        0x0 /Users/monroe/Library/Android/android-ndk-r10e/toolchains/arm-linux-androideabi-4.8/prebuilt/darwin-x86_64/bin/../lib/gcc/arm-linux-androideabi/4.8/libgcc.a(libunwind.o)
 .bss           0x0000000000012a5c        0x0 /Users/monroe/Library/Android/android-ndk-r10e/toolchains/arm-linux-androideabi-4.8/prebuilt/darwin-x86_64/bin/../lib/gcc/arm-linux-androideabi/4.8/libgcc.a(pr-support.o)
 .bss           0x0000000000012a5c        0x0 /Users/monroe/Library/Android/android-ndk-r10e/toolchains/arm-linux-androideabi-4.8/prebuilt/darwin-x86_64/bin/../lib/gcc/arm-linux-androideabi/4.8/libgcc.a(_divdi3.o)
 .bss           0x0000000000012a5c        0x0 /Users/monroe/Library/Android/android-ndk-r10e/toolchains/arm-linux-androideabi-4.8/prebuilt/darwin-x86_64/bin/../lib/gcc/arm-linux-androideabi/4.8/libgcc.a(_udivdi3.o)
 .bss           0x0000000000012a5c        0x0 /Users/monroe/Library/Android/android-ndk-r10e/toolchains/arm-linux-androideabi-4.8/prebuilt/darwin-x86_64/bin/../lib/gcc/arm-linux-androideabi/4.8/libgcc.a(_udivsi3.o)
 .bss           0x0000000000012a5c        0x0 /Users/monroe/Library/Android/android-ndk-r10e/platforms/android-14/arch-arm/usr/lib/crtend_so.o
 *(COMMON)
                0x0000000000012a5c                . = ALIGN (0x4)
                0x0000000000012a5c                _bss_end__ = .
                0x0000000000012a5c                __bss_end__ = .
                0x0000000000012a5c                . = ALIGN (0x4)
                0x0000000000012a5c                . = SEGMENT_START ("ldata-segment", .)
                0x0000000000012a5c                . = ALIGN (0x4)
                0x0000000000012a5c                __end__ = .
                0x0000000000012a5c                _end = .
                0x0000000000012a5c                _bss_end__ = .
                0x0000000000012a5c                __bss_end__ = .
                0x0000000000012a5c                __end__ = .
                0x0000000000012a5c                PROVIDE (end, .)
                0x0000000000012a5c                . = DATA_SEGMENT_END (.)

.stab
 *(.stab)

.stabstr
 *(.stabstr)

.stab.excl
 *(.stab.excl)

.stab.exclstr
 *(.stab.exclstr)

.stab.index
 *(.stab.index)

.stab.indexstr
 *(.stab.indexstr)

.comment        0x0000000000000000        0xf
 *(.comment)
 .comment       0x0000000000000000        0xf /Users/monroe/Library/Android/android-ndk-r10e/platforms/android-14/arch-arm/usr/lib/crtbegin_so.o
                                         0x10 (size before relaxing)
 .comment       0x000000000000000f       0x10 debug/Heyzap_platform.os
 .comment       0x000000000000000f       0x10 debug/Heyzap.os
 .comment       0x000000000000000f       0x10 debug/Heyzap_register.os
 .comment       0x000000000000000f       0x10 /Applications/Marmalade.app/Contents/s3e/edk/lib/android/libedk.a(IwDebug.o)
 .comment       0x000000000000000f       0x10 /Applications/Marmalade.app/Contents/s3e/edk/lib/android/libedk.a(edk_helpers.o)
 .comment       0x000000000000000f       0x10 /Users/monroe/Library/Android/android-ndk-r10e/toolchains/arm-linux-androideabi-4.8/prebuilt/darwin-x86_64/bin/../lib/gcc/arm-linux-androideabi/4.8/libgcc.a(bpabi.o)
 .comment       0x000000000000000f       0x10 /Users/monroe/Library/Android/android-ndk-r10e/toolchains/arm-linux-androideabi-4.8/prebuilt/darwin-x86_64/bin/../lib/gcc/arm-linux-androideabi/4.8/libgcc.a(unwind-arm.o)
 .comment       0x000000000000000f       0x10 /Users/monroe/Library/Android/android-ndk-r10e/toolchains/arm-linux-androideabi-4.8/prebuilt/darwin-x86_64/bin/../lib/gcc/arm-linux-androideabi/4.8/libgcc.a(pr-support.o)
 .comment       0x000000000000000f       0x10 /Users/monroe/Library/Android/android-ndk-r10e/toolchains/arm-linux-androideabi-4.8/prebuilt/darwin-x86_64/bin/../lib/gcc/arm-linux-androideabi/4.8/libgcc.a(_divdi3.o)
 .comment       0x000000000000000f       0x10 /Users/monroe/Library/Android/android-ndk-r10e/toolchains/arm-linux-androideabi-4.8/prebuilt/darwin-x86_64/bin/../lib/gcc/arm-linux-androideabi/4.8/libgcc.a(_udivdi3.o)

.ARM.attributes
                0x0000000000000000       0x2d
 .ARM.attributes
                0x0000000000000000       0x2b /Users/monroe/Library/Android/android-ndk-r10e/platforms/android-14/arch-arm/usr/lib/crtbegin_so.o
 .ARM.attributes
                0x000000000000002b       0x2f debug/Heyzap_platform.os
 .ARM.attributes
                0x000000000000005a       0x2f debug/Heyzap.os
 .ARM.attributes
                0x0000000000000089       0x2f debug/Heyzap_register.os
 .ARM.attributes
                0x00000000000000b8       0x2f /Applications/Marmalade.app/Contents/s3e/edk/lib/android/libedk.a(IwDebug.o)
 .ARM.attributes
                0x00000000000000e7       0x2f /Applications/Marmalade.app/Contents/s3e/edk/lib/android/libedk.a(edk_helpers.o)
 .ARM.attributes
                0x0000000000000116       0x1f /Users/monroe/Library/Android/android-ndk-r10e/toolchains/arm-linux-androideabi-4.8/prebuilt/darwin-x86_64/bin/../lib/gcc/arm-linux-androideabi/4.8/libgcc.a(_aeabi_ldivmod.o)
 .ARM.attributes
                0x0000000000000135       0x1f /Users/monroe/Library/Android/android-ndk-r10e/toolchains/arm-linux-androideabi-4.8/prebuilt/darwin-x86_64/bin/../lib/gcc/arm-linux-androideabi/4.8/libgcc.a(_dvmd_lnx.o)
 .ARM.attributes
                0x0000000000000154       0x2b /Users/monroe/Library/Android/android-ndk-r10e/toolchains/arm-linux-androideabi-4.8/prebuilt/darwin-x86_64/bin/../lib/gcc/arm-linux-androideabi/4.8/libgcc.a(bpabi.o)
 .ARM.attributes
                0x000000000000017f       0x2b /Users/monroe/Library/Android/android-ndk-r10e/toolchains/arm-linux-androideabi-4.8/prebuilt/darwin-x86_64/bin/../lib/gcc/arm-linux-androideabi/4.8/libgcc.a(unwind-arm.o)
 .ARM.attributes
                0x00000000000001aa       0x1f /Users/monroe/Library/Android/android-ndk-r10e/toolchains/arm-linux-androideabi-4.8/prebuilt/darwin-x86_64/bin/../lib/gcc/arm-linux-androideabi/4.8/libgcc.a(libunwind.o)
 .ARM.attributes
                0x00000000000001c9       0x2b /Users/monroe/Library/Android/android-ndk-r10e/toolchains/arm-linux-androideabi-4.8/prebuilt/darwin-x86_64/bin/../lib/gcc/arm-linux-androideabi/4.8/libgcc.a(pr-support.o)
 .ARM.attributes
                0x00000000000001f4       0x2b /Users/monroe/Library/Android/android-ndk-r10e/toolchains/arm-linux-androideabi-4.8/prebuilt/darwin-x86_64/bin/../lib/gcc/arm-linux-androideabi/4.8/libgcc.a(_divdi3.o)
 .ARM.attributes
                0x000000000000021f       0x2b /Users/monroe/Library/Android/android-ndk-r10e/toolchains/arm-linux-androideabi-4.8/prebuilt/darwin-x86_64/bin/../lib/gcc/arm-linux-androideabi/4.8/libgcc.a(_udivdi3.o)
 .ARM.attributes
                0x000000000000024a       0x1f /Users/monroe/Library/Android/android-ndk-r10e/toolchains/arm-linux-androideabi-4.8/prebuilt/darwin-x86_64/bin/../lib/gcc/arm-linux-androideabi/4.8/libgcc.a(_udivsi3.o)
 .ARM.attributes
                0x0000000000000269       0x1d /Users/monroe/Library/Android/android-ndk-r10e/platforms/android-14/arch-arm/usr/lib/crtend_so.o

.debug
 *(.debug)

.line
 *(.line)

.debug_srcinfo
 *(.debug_srcinfo)

.debug_sfnames
 *(.debug_sfnames)

.debug_aranges  0x0000000000000000      0x1e8
 *(.debug_aranges)
 .debug_aranges
                0x0000000000000000       0x88 debug/Heyzap_platform.os
 .debug_aranges
                0x0000000000000088       0x20 debug/Heyzap.os
 .debug_aranges
                0x00000000000000a8       0x20 debug/Heyzap_register.os
 .debug_aranges
                0x00000000000000c8       0x20 /Users/monroe/Library/Android/android-ndk-r10e/toolchains/arm-linux-androideabi-4.8/prebuilt/darwin-x86_64/bin/../lib/gcc/arm-linux-androideabi/4.8/libgcc.a(_aeabi_ldivmod.o)
 .debug_aranges
                0x00000000000000e8       0x20 /Users/monroe/Library/Android/android-ndk-r10e/toolchains/arm-linux-androideabi-4.8/prebuilt/darwin-x86_64/bin/../lib/gcc/arm-linux-androideabi/4.8/libgcc.a(_dvmd_lnx.o)
 .debug_aranges
                0x0000000000000108       0x20 /Users/monroe/Library/Android/android-ndk-r10e/toolchains/arm-linux-androideabi-4.8/prebuilt/darwin-x86_64/bin/../lib/gcc/arm-linux-androideabi/4.8/libgcc.a(bpabi.o)
 .debug_aranges
                0x0000000000000128       0x20 /Users/monroe/Library/Android/android-ndk-r10e/toolchains/arm-linux-androideabi-4.8/prebuilt/darwin-x86_64/bin/../lib/gcc/arm-linux-androideabi/4.8/libgcc.a(unwind-arm.o)
 .debug_aranges
                0x0000000000000148       0x20 /Users/monroe/Library/Android/android-ndk-r10e/toolchains/arm-linux-androideabi-4.8/prebuilt/darwin-x86_64/bin/../lib/gcc/arm-linux-androideabi/4.8/libgcc.a(libunwind.o)
 .debug_aranges
                0x0000000000000168       0x20 /Users/monroe/Library/Android/android-ndk-r10e/toolchains/arm-linux-androideabi-4.8/prebuilt/darwin-x86_64/bin/../lib/gcc/arm-linux-androideabi/4.8/libgcc.a(pr-support.o)
 .debug_aranges
                0x0000000000000188       0x20 /Users/monroe/Library/Android/android-ndk-r10e/toolchains/arm-linux-androideabi-4.8/prebuilt/darwin-x86_64/bin/../lib/gcc/arm-linux-androideabi/4.8/libgcc.a(_divdi3.o)
 .debug_aranges
                0x00000000000001a8       0x20 /Users/monroe/Library/Android/android-ndk-r10e/toolchains/arm-linux-androideabi-4.8/prebuilt/darwin-x86_64/bin/../lib/gcc/arm-linux-androideabi/4.8/libgcc.a(_udivdi3.o)
 .debug_aranges
                0x00000000000001c8       0x20 /Users/monroe/Library/Android/android-ndk-r10e/toolchains/arm-linux-androideabi-4.8/prebuilt/darwin-x86_64/bin/../lib/gcc/arm-linux-androideabi/4.8/libgcc.a(_udivsi3.o)

.debug_pubnames
 *(.debug_pubnames)

.debug_info     0x0000000000000000     0x966e
 *(.debug_info .gnu.linkonce.wi.*)
 .debug_info    0x0000000000000000     0x5de4 debug/Heyzap_platform.os
 .debug_info    0x0000000000005de4      0x236 debug/Heyzap.os
 .debug_info    0x000000000000601a      0x27d debug/Heyzap_register.os
 .debug_info    0x0000000000006297       0xbd /Users/monroe/Library/Android/android-ndk-r10e/toolchains/arm-linux-androideabi-4.8/prebuilt/darwin-x86_64/bin/../lib/gcc/arm-linux-androideabi/4.8/libgcc.a(_aeabi_ldivmod.o)
 .debug_info    0x0000000000006354       0xc1 /Users/monroe/Library/Android/android-ndk-r10e/toolchains/arm-linux-androideabi-4.8/prebuilt/darwin-x86_64/bin/../lib/gcc/arm-linux-androideabi/4.8/libgcc.a(_dvmd_lnx.o)
 .debug_info    0x0000000000006415      0x160 /Users/monroe/Library/Android/android-ndk-r10e/toolchains/arm-linux-androideabi-4.8/prebuilt/darwin-x86_64/bin/../lib/gcc/arm-linux-androideabi/4.8/libgcc.a(bpabi.o)
 .debug_info    0x0000000000006575     0x1b3d /Users/monroe/Library/Android/android-ndk-r10e/toolchains/arm-linux-androideabi-4.8/prebuilt/darwin-x86_64/bin/../lib/gcc/arm-linux-androideabi/4.8/libgcc.a(unwind-arm.o)
 .debug_info    0x00000000000080b2       0xc1 /Users/monroe/Library/Android/android-ndk-r10e/toolchains/arm-linux-androideabi-4.8/prebuilt/darwin-x86_64/bin/../lib/gcc/arm-linux-androideabi/4.8/libgcc.a(libunwind.o)
 .debug_info    0x0000000000008173      0x8af /Users/monroe/Library/Android/android-ndk-r10e/toolchains/arm-linux-androideabi-4.8/prebuilt/darwin-x86_64/bin/../lib/gcc/arm-linux-androideabi/4.8/libgcc.a(pr-support.o)
 .debug_info    0x0000000000008a22      0x5e6 /Users/monroe/Library/Android/android-ndk-r10e/toolchains/arm-linux-androideabi-4.8/prebuilt/darwin-x86_64/bin/../lib/gcc/arm-linux-androideabi/4.8/libgcc.a(_divdi3.o)
 .debug_info    0x0000000000009008      0x5a5 /Users/monroe/Library/Android/android-ndk-r10e/toolchains/arm-linux-androideabi-4.8/prebuilt/darwin-x86_64/bin/../lib/gcc/arm-linux-androideabi/4.8/libgcc.a(_udivdi3.o)
 .debug_info    0x00000000000095ad       0xc1 /Users/monroe/Library/Android/android-ndk-r10e/toolchains/arm-linux-androideabi-4.8/prebuilt/darwin-x86_64/bin/../lib/gcc/arm-linux-androideabi/4.8/libgcc.a(_udivsi3.o)

.debug_abbrev   0x0000000000000000      0xf50
 *(.debug_abbrev)
 .debug_abbrev  0x0000000000000000      0x2c0 debug/Heyzap_platform.os
 .debug_abbrev  0x00000000000002c0       0xdb debug/Heyzap.os
 .debug_abbrev  0x000000000000039b      0x11d debug/Heyzap_register.os
 .debug_abbrev  0x00000000000004b8       0x14 /Users/monroe/Library/Android/android-ndk-r10e/toolchains/arm-linux-androideabi-4.8/prebuilt/darwin-x86_64/bin/../lib/gcc/arm-linux-androideabi/4.8/libgcc.a(_aeabi_ldivmod.o)
 .debug_abbrev  0x00000000000004cc       0x14 /Users/monroe/Library/Android/android-ndk-r10e/toolchains/arm-linux-androideabi-4.8/prebuilt/darwin-x86_64/bin/../lib/gcc/arm-linux-androideabi/4.8/libgcc.a(_dvmd_lnx.o)
 .debug_abbrev  0x00000000000004e0       0xb5 /Users/monroe/Library/Android/android-ndk-r10e/toolchains/arm-linux-androideabi-4.8/prebuilt/darwin-x86_64/bin/../lib/gcc/arm-linux-androideabi/4.8/libgcc.a(bpabi.o)
 .debug_abbrev  0x0000000000000595      0x41c /Users/monroe/Library/Android/android-ndk-r10e/toolchains/arm-linux-androideabi-4.8/prebuilt/darwin-x86_64/bin/../lib/gcc/arm-linux-androideabi/4.8/libgcc.a(unwind-arm.o)
 .debug_abbrev  0x00000000000009b1       0x14 /Users/monroe/Library/Android/android-ndk-r10e/toolchains/arm-linux-androideabi-4.8/prebuilt/darwin-x86_64/bin/../lib/gcc/arm-linux-androideabi/4.8/libgcc.a(libunwind.o)
 .debug_abbrev  0x00000000000009c5      0x275 /Users/monroe/Library/Android/android-ndk-r10e/toolchains/arm-linux-androideabi-4.8/prebuilt/darwin-x86_64/bin/../lib/gcc/arm-linux-androideabi/4.8/libgcc.a(pr-support.o)
 .debug_abbrev  0x0000000000000c3a      0x190 /Users/monroe/Library/Android/android-ndk-r10e/toolchains/arm-linux-androideabi-4.8/prebuilt/darwin-x86_64/bin/../lib/gcc/arm-linux-androideabi/4.8/libgcc.a(_divdi3.o)
 .debug_abbrev  0x0000000000000dca      0x172 /Users/monroe/Library/Android/android-ndk-r10e/toolchains/arm-linux-androideabi-4.8/prebuilt/darwin-x86_64/bin/../lib/gcc/arm-linux-androideabi/4.8/libgcc.a(_udivdi3.o)
 .debug_abbrev  0x0000000000000f3c       0x14 /Users/monroe/Library/Android/android-ndk-r10e/toolchains/arm-linux-androideabi-4.8/prebuilt/darwin-x86_64/bin/../lib/gcc/arm-linux-androideabi/4.8/libgcc.a(_udivsi3.o)

.debug_line     0x0000000000000000     0x10c9
 *(.debug_line .debug_line.* .debug_line_end)
 .debug_line    0x0000000000000000      0x3ab debug/Heyzap_platform.os
 .debug_line    0x00000000000003ab       0xcc debug/Heyzap.os
 .debug_line    0x0000000000000477      0x103 debug/Heyzap_register.os
 .debug_line    0x000000000000057a       0x7c /Users/monroe/Library/Android/android-ndk-r10e/toolchains/arm-linux-androideabi-4.8/prebuilt/darwin-x86_64/bin/../lib/gcc/arm-linux-androideabi/4.8/libgcc.a(_aeabi_ldivmod.o)
 .debug_line    0x00000000000005f6       0x7b /Users/monroe/Library/Android/android-ndk-r10e/toolchains/arm-linux-androideabi-4.8/prebuilt/darwin-x86_64/bin/../lib/gcc/arm-linux-androideabi/4.8/libgcc.a(_dvmd_lnx.o)
 .debug_line    0x0000000000000671       0x7c /Users/monroe/Library/Android/android-ndk-r10e/toolchains/arm-linux-androideabi-4.8/prebuilt/darwin-x86_64/bin/../lib/gcc/arm-linux-androideabi/4.8/libgcc.a(bpabi.o)
 .debug_line    0x00000000000006ed      0x4ad /Users/monroe/Library/Android/android-ndk-r10e/toolchains/arm-linux-androideabi-4.8/prebuilt/darwin-x86_64/bin/../lib/gcc/arm-linux-androideabi/4.8/libgcc.a(unwind-arm.o)
 .debug_line    0x0000000000000b9a       0xc5 /Users/monroe/Library/Android/android-ndk-r10e/toolchains/arm-linux-androideabi-4.8/prebuilt/darwin-x86_64/bin/../lib/gcc/arm-linux-androideabi/4.8/libgcc.a(libunwind.o)
 .debug_line    0x0000000000000c5f      0x184 /Users/monroe/Library/Android/android-ndk-r10e/toolchains/arm-linux-androideabi-4.8/prebuilt/darwin-x86_64/bin/../lib/gcc/arm-linux-androideabi/4.8/libgcc.a(pr-support.o)
 .debug_line    0x0000000000000de3      0x132 /Users/monroe/Library/Android/android-ndk-r10e/toolchains/arm-linux-androideabi-4.8/prebuilt/darwin-x86_64/bin/../lib/gcc/arm-linux-androideabi/4.8/libgcc.a(_divdi3.o)
 .debug_line    0x0000000000000f15      0x120 /Users/monroe/Library/Android/android-ndk-r10e/toolchains/arm-linux-androideabi-4.8/prebuilt/darwin-x86_64/bin/../lib/gcc/arm-linux-androideabi/4.8/libgcc.a(_udivdi3.o)
 .debug_line    0x0000000000001035       0x94 /Users/monroe/Library/Android/android-ndk-r10e/toolchains/arm-linux-androideabi-4.8/prebuilt/darwin-x86_64/bin/../lib/gcc/arm-linux-androideabi/4.8/libgcc.a(_udivsi3.o)

.debug_frame    0x0000000000000000      0x934
 *(.debug_frame)
 .debug_frame   0x0000000000000000      0x2f0 debug/Heyzap_platform.os
 .debug_frame   0x00000000000002f0      0x148 debug/Heyzap.os
 .debug_frame   0x0000000000000438       0x74 debug/Heyzap_register.os
 .debug_frame   0x00000000000004ac       0x50 /Users/monroe/Library/Android/android-ndk-r10e/toolchains/arm-linux-androideabi-4.8/prebuilt/darwin-x86_64/bin/../lib/gcc/arm-linux-androideabi/4.8/libgcc.a(bpabi.o)
 .debug_frame   0x00000000000004fc      0x2a8 /Users/monroe/Library/Android/android-ndk-r10e/toolchains/arm-linux-androideabi-4.8/prebuilt/darwin-x86_64/bin/../lib/gcc/arm-linux-androideabi/4.8/libgcc.a(unwind-arm.o)
 .debug_frame   0x00000000000007a4       0xfc /Users/monroe/Library/Android/android-ndk-r10e/toolchains/arm-linux-androideabi-4.8/prebuilt/darwin-x86_64/bin/../lib/gcc/arm-linux-androideabi/4.8/libgcc.a(pr-support.o)
 .debug_frame   0x00000000000008a0       0x38 /Users/monroe/Library/Android/android-ndk-r10e/toolchains/arm-linux-androideabi-4.8/prebuilt/darwin-x86_64/bin/../lib/gcc/arm-linux-androideabi/4.8/libgcc.a(_divdi3.o)
 .debug_frame   0x00000000000008d8       0x3c /Users/monroe/Library/Android/android-ndk-r10e/toolchains/arm-linux-androideabi-4.8/prebuilt/darwin-x86_64/bin/../lib/gcc/arm-linux-androideabi/4.8/libgcc.a(_udivdi3.o)
 .debug_frame   0x0000000000000914       0x20 /Users/monroe/Library/Android/android-ndk-r10e/toolchains/arm-linux-androideabi-4.8/prebuilt/darwin-x86_64/bin/../lib/gcc/arm-linux-androideabi/4.8/libgcc.a(_udivsi3.o)

.debug_str      0x0000000000000000     0x5eb5
 *(.debug_str)
 .debug_str     0x0000000000000000     0x4f2c debug/Heyzap_platform.os
                                       0x50b6 (size before relaxing)
 .debug_str     0x0000000000004f2c       0x7e debug/Heyzap.os
                                        0x324 (size before relaxing)
 .debug_str     0x0000000000004faa       0xb6 debug/Heyzap_register.os
                                        0x5aa (size before relaxing)
 .debug_str     0x0000000000005060      0x15b /Users/monroe/Library/Android/android-ndk-r10e/toolchains/arm-linux-androideabi-4.8/prebuilt/darwin-x86_64/bin/../lib/gcc/arm-linux-androideabi/4.8/libgcc.a(bpabi.o)
                                        0x180 (size before relaxing)
 .debug_str     0x00000000000051bb      0xb5b /Users/monroe/Library/Android/android-ndk-r10e/toolchains/arm-linux-androideabi-4.8/prebuilt/darwin-x86_64/bin/../lib/gcc/arm-linux-androideabi/4.8/libgcc.a(unwind-arm.o)
                                        0xc75 (size before relaxing)
 .debug_str     0x0000000000005d16       0xf1 /Users/monroe/Library/Android/android-ndk-r10e/toolchains/arm-linux-androideabi-4.8/prebuilt/darwin-x86_64/bin/../lib/gcc/arm-linux-androideabi/4.8/libgcc.a(pr-support.o)
                                        0x57c (size before relaxing)
 .debug_str     0x0000000000005e07       0xae /Users/monroe/Library/Android/android-ndk-r10e/toolchains/arm-linux-androideabi-4.8/prebuilt/darwin-x86_64/bin/../lib/gcc/arm-linux-androideabi/4.8/libgcc.a(_divdi3.o)
                                        0x2a0 (size before relaxing)
 .debug_str     0x0000000000005eb5      0x2a1 /Users/monroe/Library/Android/android-ndk-r10e/toolchains/arm-linux-androideabi-4.8/prebuilt/darwin-x86_64/bin/../lib/gcc/arm-linux-androideabi/4.8/libgcc.a(_udivdi3.o)

.debug_loc      0x0000000000000000     0x2f57
 *(.debug_loc)
 .debug_loc     0x0000000000000000       0xa0 /Users/monroe/Library/Android/android-ndk-r10e/toolchains/arm-linux-androideabi-4.8/prebuilt/darwin-x86_64/bin/../lib/gcc/arm-linux-androideabi/4.8/libgcc.a(bpabi.o)
 .debug_loc     0x00000000000000a0     0x1476 /Users/monroe/Library/Android/android-ndk-r10e/toolchains/arm-linux-androideabi-4.8/prebuilt/darwin-x86_64/bin/../lib/gcc/arm-linux-androideabi/4.8/libgcc.a(unwind-arm.o)
 .debug_loc     0x0000000000001516      0x53c /Users/monroe/Library/Android/android-ndk-r10e/toolchains/arm-linux-androideabi-4.8/prebuilt/darwin-x86_64/bin/../lib/gcc/arm-linux-androideabi/4.8/libgcc.a(pr-support.o)
 .debug_loc     0x0000000000001a52      0xad9 /Users/monroe/Library/Android/android-ndk-r10e/toolchains/arm-linux-androideabi-4.8/prebuilt/darwin-x86_64/bin/../lib/gcc/arm-linux-androideabi/4.8/libgcc.a(_divdi3.o)
 .debug_loc     0x000000000000252b      0xa2c /Users/monroe/Library/Android/android-ndk-r10e/toolchains/arm-linux-androideabi-4.8/prebuilt/darwin-x86_64/bin/../lib/gcc/arm-linux-androideabi/4.8/libgcc.a(_udivdi3.o)

.debug_macinfo
 *(.debug_macinfo)

.debug_weaknames
 *(.debug_weaknames)

.debug_funcnames
 *(.debug_funcnames)

.debug_typenames
 *(.debug_typenames)

.debug_varnames
 *(.debug_varnames)

.debug_pubtypes
 *(.debug_pubtypes)

.debug_ranges   0x0000000000000000      0x1e8
 *(.debug_ranges)
 .debug_ranges  0x0000000000000000       0x78 debug/Heyzap_platform.os
 .debug_ranges  0x0000000000000078       0x70 /Users/monroe/Library/Android/android-ndk-r10e/toolchains/arm-linux-androideabi-4.8/prebuilt/darwin-x86_64/bin/../lib/gcc/arm-linux-androideabi/4.8/libgcc.a(unwind-arm.o)
 .debug_ranges  0x00000000000000e8       0x30 /Users/monroe/Library/Android/android-ndk-r10e/toolchains/arm-linux-androideabi-4.8/prebuilt/darwin-x86_64/bin/../lib/gcc/arm-linux-androideabi/4.8/libgcc.a(pr-support.o)
 .debug_ranges  0x0000000000000118       0x60 /Users/monroe/Library/Android/android-ndk-r10e/toolchains/arm-linux-androideabi-4.8/prebuilt/darwin-x86_64/bin/../lib/gcc/arm-linux-androideabi/4.8/libgcc.a(_divdi3.o)
 .debug_ranges  0x0000000000000178       0x70 /Users/monroe/Library/Android/android-ndk-r10e/toolchains/arm-linux-androideabi-4.8/prebuilt/darwin-x86_64/bin/../lib/gcc/arm-linux-androideabi/4.8/libgcc.a(_udivdi3.o)

.debug_macro
 *(.debug_macro)

.gnu.attributes
 *(.gnu.attributes)

.note.gnu.arm.ident
 *(.note.gnu.arm.ident)

/DISCARD/
 *(.note.GNU-stack)
 *(.gnu_debuglink)
 *(.gnu.lto_*)
 *(.mdebug.*)
OUTPUT(/Users/monroe/dev/marmalade_wrapper/lib/android/libHeyzap_d.so elf32-littlearm)
