Archive member included to satisfy reference by file (symbol)

/Applications/Marmalade.app/Contents/s3e/edk/lib/android/libedk.a(IwDebug.o)
                              debug/Heyzap_platform.os (IwDebugTraceIsChannelOn)
/Applications/Marmalade.app/Contents/s3e/edk/lib/android/libedk.a(edk_helpers.o)
                              debug/Heyzap_platform.os (s3eEdkThreadRunOnOS)
/Users/monroe/Library/Android/android-ndk-r10e/toolchains/arm-linux-androideabi-4.8/prebuilt/darwin-x86_64/bin/../lib/gcc/arm-linux-androideabi/4.8/libgcc.a(_aeabi_ldivmod.o)
                              /Applications/Marmalade.app/Contents/s3e/edk/lib/android/libedk.a(IwDebug.o) (__aeabi_ldivmod)
/Users/monroe/Library/Android/android-ndk-r10e/toolchains/arm-linux-androideabi-4.8/prebuilt/darwin-x86_64/bin/../lib/gcc/arm-linux-androideabi/4.8/libgcc.a(_dvmd_lnx.o)
                              /Users/monroe/Library/Android/android-ndk-r10e/toolchains/arm-linux-androideabi-4.8/prebuilt/darwin-x86_64/bin/../lib/gcc/arm-linux-androideabi/4.8/libgcc.a(_aeabi_ldivmod.o) (__aeabi_ldiv0)
/Users/monroe/Library/Android/android-ndk-r10e/toolchains/arm-linux-androideabi-4.8/prebuilt/darwin-x86_64/bin/../lib/gcc/arm-linux-androideabi/4.8/libgcc.a(bpabi.o)
                              /Users/monroe/Library/Android/android-ndk-r10e/toolchains/arm-linux-androideabi-4.8/prebuilt/darwin-x86_64/bin/../lib/gcc/arm-linux-androideabi/4.8/libgcc.a(_aeabi_ldivmod.o) (__gnu_ldivmod_helper)
/Users/monroe/Library/Android/android-ndk-r10e/toolchains/arm-linux-androideabi-4.8/prebuilt/darwin-x86_64/bin/../lib/gcc/arm-linux-androideabi/4.8/libgcc.a(unwind-arm.o)
                              /Users/monroe/Library/Android/android-ndk-r10e/toolchains/arm-linux-androideabi-4.8/prebuilt/darwin-x86_64/bin/../lib/gcc/arm-linux-androideabi/4.8/libgcc.a(bpabi.o) (__aeabi_unwind_cpp_pr0)
/Users/monroe/Library/Android/android-ndk-r10e/toolchains/arm-linux-androideabi-4.8/prebuilt/darwin-x86_64/bin/../lib/gcc/arm-linux-androideabi/4.8/libgcc.a(libunwind.o)
                              /Users/monroe/Library/Android/android-ndk-r10e/toolchains/arm-linux-androideabi-4.8/prebuilt/darwin-x86_64/bin/../lib/gcc/arm-linux-androideabi/4.8/libgcc.a(unwind-arm.o) (restore_core_regs)
/Users/monroe/Library/Android/android-ndk-r10e/toolchains/arm-linux-androideabi-4.8/prebuilt/darwin-x86_64/bin/../lib/gcc/arm-linux-androideabi/4.8/libgcc.a(pr-support.o)
                              /Users/monroe/Library/Android/android-ndk-r10e/toolchains/arm-linux-androideabi-4.8/prebuilt/darwin-x86_64/bin/../lib/gcc/arm-linux-androideabi/4.8/libgcc.a(unwind-arm.o) (__gnu_unwind_execute)
/Users/monroe/Library/Android/android-ndk-r10e/toolchains/arm-linux-androideabi-4.8/prebuilt/darwin-x86_64/bin/../lib/gcc/arm-linux-androideabi/4.8/libgcc.a(_divdi3.o)
                              /Users/monroe/Library/Android/android-ndk-r10e/toolchains/arm-linux-androideabi-4.8/prebuilt/darwin-x86_64/bin/../lib/gcc/arm-linux-androideabi/4.8/libgcc.a(bpabi.o) (__divdi3)
/Users/monroe/Library/Android/android-ndk-r10e/toolchains/arm-linux-androideabi-4.8/prebuilt/darwin-x86_64/bin/../lib/gcc/arm-linux-androideabi/4.8/libgcc.a(_udivdi3.o)
                              /Users/monroe/Library/Android/android-ndk-r10e/toolchains/arm-linux-androideabi-4.8/prebuilt/darwin-x86_64/bin/../lib/gcc/arm-linux-androideabi/4.8/libgcc.a(bpabi.o) (__udivdi3)
/Users/monroe/Library/Android/android-ndk-r10e/toolchains/arm-linux-androideabi-4.8/prebuilt/darwin-x86_64/bin/../lib/gcc/arm-linux-androideabi/4.8/libgcc.a(_udivsi3.o)
                              /Users/monroe/Library/Android/android-ndk-r10e/toolchains/arm-linux-androideabi-4.8/prebuilt/darwin-x86_64/bin/../lib/gcc/arm-linux-androideabi/4.8/libgcc.a(_divdi3.o) (__aeabi_uidiv)

Discarded input sections

 .note.GNU-stack
                0x0000000000000000        0x0 /Users/monroe/Library/Android/android-ndk-r10e/platforms/android-14/arch-arm/usr/lib/crtbegin_so.o
 .group         0x0000000000000000        0x8 debug/Heyzap_platform.os
 .group         0x0000000000000000        0x8 debug/Heyzap_platform.os
 .group         0x0000000000000000        0x8 debug/Heyzap_platform.os
 .group         0x0000000000000000        0x8 debug/Heyzap_platform.os
 .group         0x0000000000000000        0x8 debug/Heyzap_platform.os
 .group         0x0000000000000000        0x8 debug/Heyzap_platform.os
 .group         0x0000000000000000        0x8 debug/Heyzap_platform.os
 .group         0x0000000000000000        0x8 debug/Heyzap_platform.os
 .group         0x0000000000000000        0x8 debug/Heyzap_platform.os
 .group         0x0000000000000000        0x8 debug/Heyzap_platform.os
 .group         0x0000000000000000        0x8 debug/Heyzap_platform.os
 .group         0x0000000000000000        0x8 debug/Heyzap_platform.os
 .group         0x0000000000000000        0x8 debug/Heyzap_platform.os
 .group         0x0000000000000000        0x8 debug/Heyzap_platform.os
 .group         0x0000000000000000        0x8 debug/Heyzap_platform.os
 .group         0x0000000000000000        0x8 debug/Heyzap_platform.os
 .note.GNU-stack
                0x0000000000000000        0x0 debug/Heyzap_platform.os
 .note.GNU-stack
                0x0000000000000000        0x0 debug/Heyzap.os
 .note.GNU-stack
                0x0000000000000000        0x0 debug/Heyzap_register.os
 .note.GNU-stack
                0x0000000000000000        0x0 /Applications/Marmalade.app/Contents/s3e/edk/lib/android/libedk.a(IwDebug.o)
 .note.GNU-stack
                0x0000000000000000        0x0 /Applications/Marmalade.app/Contents/s3e/edk/lib/android/libedk.a(edk_helpers.o)
 .note.GNU-stack
                0x0000000000000000        0x0 /Users/monroe/Library/Android/android-ndk-r10e/toolchains/arm-linux-androideabi-4.8/prebuilt/darwin-x86_64/bin/../lib/gcc/arm-linux-androideabi/4.8/libgcc.a(_aeabi_ldivmod.o)
 .note.GNU-stack
                0x0000000000000000        0x0 /Users/monroe/Library/Android/android-ndk-r10e/toolchains/arm-linux-androideabi-4.8/prebuilt/darwin-x86_64/bin/../lib/gcc/arm-linux-androideabi/4.8/libgcc.a(_dvmd_lnx.o)
 .note.GNU-stack
                0x0000000000000000        0x0 /Users/monroe/Library/Android/android-ndk-r10e/toolchains/arm-linux-androideabi-4.8/prebuilt/darwin-x86_64/bin/../lib/gcc/arm-linux-androideabi/4.8/libgcc.a(bpabi.o)
 .note.GNU-stack
                0x0000000000000000        0x0 /Users/monroe/Library/Android/android-ndk-r10e/toolchains/arm-linux-androideabi-4.8/prebuilt/darwin-x86_64/bin/../lib/gcc/arm-linux-androideabi/4.8/libgcc.a(unwind-arm.o)
 .note.GNU-stack
                0x0000000000000000        0x0 /Users/monroe/Library/Android/android-ndk-r10e/toolchains/arm-linux-androideabi-4.8/prebuilt/darwin-x86_64/bin/../lib/gcc/arm-linux-androideabi/4.8/libgcc.a(libunwind.o)
 .note.GNU-stack
                0x0000000000000000        0x0 /Users/monroe/Library/Android/android-ndk-r10e/toolchains/arm-linux-androideabi-4.8/prebuilt/darwin-x86_64/bin/../lib/gcc/arm-linux-androideabi/4.8/libgcc.a(pr-support.o)
 .note.GNU-stack
                0x0000000000000000        0x0 /Users/monroe/Library/Android/android-ndk-r10e/toolchains/arm-linux-androideabi-4.8/prebuilt/darwin-x86_64/bin/../lib/gcc/arm-linux-androideabi/4.8/libgcc.a(_divdi3.o)
 .note.GNU-stack
                0x0000000000000000        0x0 /Users/monroe/Library/Android/android-ndk-r10e/toolchains/arm-linux-androideabi-4.8/prebuilt/darwin-x86_64/bin/../lib/gcc/arm-linux-androideabi/4.8/libgcc.a(_udivdi3.o)
 .note.GNU-stack
                0x0000000000000000        0x0 /Users/monroe/Library/Android/android-ndk-r10e/toolchains/arm-linux-androideabi-4.8/prebuilt/darwin-x86_64/bin/../lib/gcc/arm-linux-androideabi/4.8/libgcc.a(_udivsi3.o)
 .note.GNU-stack
                0x0000000000000000        0x0 /Users/monroe/Library/Android/android-ndk-r10e/platforms/android-14/arch-arm/usr/lib/crtend_so.o

Memory Configuration

Name             Origin             Length             Attributes
*default*        0x0000000000000000 0xffffffffffffffff

Linker script and memory map

LOAD /Users/monroe/Library/Android/android-ndk-r10e/platforms/android-14/arch-arm/usr/lib/crtbegin_so.o
LOAD debug/Heyzap_platform.os
LOAD debug/Heyzap.os
LOAD debug/Heyzap_register.os
LOAD /Applications/Marmalade.app/Contents/s3e/edk/lib/android/libedk.a
LOAD /Applications/Marmalade.app/Contents/s3e/edk/lib/android/libplaceholderplaceholderplaceholderplaceholderplaceholder.so
LOAD /Users/monroe/Library/Android/android-ndk-r10e/platforms/android-14/arch-arm/usr/lib/liblog.so
LOAD /Users/monroe/Library/Android/android-ndk-r10e/sources/cxx-stl/gnu-libstdc++/4.8/libs/armeabi/libgnustl_static.a
LOAD /Users/monroe/Library/Android/android-ndk-r10e/toolchains/arm-linux-androideabi-4.8/prebuilt/darwin-x86_64/bin/../lib/gcc/arm-linux-androideabi/4.8/libgcc.a
LOAD /Users/monroe/Library/Android/android-ndk-r10e/platforms/android-14/arch-arm/usr/lib/libstdc++.so
LOAD /Users/monroe/Library/Android/android-ndk-r10e/platforms/android-14/arch-arm/usr/lib/libm.so
LOAD /Users/monroe/Library/Android/android-ndk-r10e/platforms/android-14/arch-arm/usr/lib/libc.so
LOAD /Users/monroe/Library/Android/android-ndk-r10e/toolchains/arm-linux-androideabi-4.8/prebuilt/darwin-x86_64/bin/../lib/gcc/arm-linux-androideabi/4.8/libgcc.a
LOAD /Users/monroe/Library/Android/android-ndk-r10e/platforms/android-14/arch-arm/usr/lib/libc.so
LOAD /Users/monroe/Library/Android/android-ndk-r10e/platforms/android-14/arch-arm/usr/lib/libdl.so
LOAD /Users/monroe/Library/Android/android-ndk-r10e/toolchains/arm-linux-androideabi-4.8/prebuilt/darwin-x86_64/bin/../lib/gcc/arm-linux-androideabi/4.8/libgcc.a
LOAD /Users/monroe/Library/Android/android-ndk-r10e/platforms/android-14/arch-arm/usr/lib/crtend_so.o
                0x00000000000000f4                . = (0x0 + SIZEOF_HEADERS)

.note.gnu.build-id
 *(.note.gnu.build-id)

.hash           0x00000000000000f4      0x298
 *(.hash)
 .hash          0x00000000000000f4      0x298 /Users/monroe/Library/Android/android-ndk-r10e/platforms/android-14/arch-arm/usr/lib/crtbegin_so.o

.gnu.hash
 *(.gnu.hash)

.dynsym         0x000000000000038c      0x610
 *(.dynsym)
 .dynsym        0x000000000000038c      0x610 /Users/monroe/Library/Android/android-ndk-r10e/platforms/android-14/arch-arm/usr/lib/crtbegin_so.o

.dynstr         0x000000000000099c      0x684
 *(.dynstr)
 .dynstr        0x000000000000099c      0x684 /Users/monroe/Library/Android/android-ndk-r10e/platforms/android-14/arch-arm/usr/lib/crtbegin_so.o

.gnu.version    0x0000000000001020        0x0
 *(.gnu.version)
 .gnu.version   0x0000000000001020        0x0 /Users/monroe/Library/Android/android-ndk-r10e/platforms/android-14/arch-arm/usr/lib/crtbegin_so.o

.gnu.version_d  0x0000000000001020        0x0
 *(.gnu.version_d)
 .gnu.version_d
                0x0000000000001020        0x0 /Users/monroe/Library/Android/android-ndk-r10e/platforms/android-14/arch-arm/usr/lib/crtbegin_so.o

.gnu.version_r  0x0000000000001020        0x0
 *(.gnu.version_r)
 .gnu.version_r
                0x0000000000001020        0x0 /Users/monroe/Library/Android/android-ndk-r10e/platforms/android-14/arch-arm/usr/lib/crtbegin_so.o

.rel.dyn        0x0000000000001020       0xc8
 *(.rel.init)
 *(.rel.text .rel.text.* .rel.gnu.linkonce.t.*)
 *(.rel.fini)
 *(.rel.rodata .rel.rodata.* .rel.gnu.linkonce.r.*)
 *(.rel.data.rel.ro .rel.data.rel.ro.* .rel.gnu.linkonce.d.rel.ro.*)
 .rel.data.rel.ro
                0x0000000000001020       0x18 /Users/monroe/Library/Android/android-ndk-r10e/platforms/android-14/arch-arm/usr/lib/crtbegin_so.o
 *(.rel.data .rel.data.* .rel.gnu.linkonce.d.*)
 *(.rel.tdata .rel.tdata.* .rel.gnu.linkonce.td.*)
 *(.rel.tbss .rel.tbss.* .rel.gnu.linkonce.tb.*)
 *(.rel.ctors)
 *(.rel.dtors)
 *(.rel.got)
 .rel.got       0x0000000000001038       0xa0 /Users/monroe/Library/Android/android-ndk-r10e/platforms/android-14/arch-arm/usr/lib/crtbegin_so.o
 *(.rel.bss .rel.bss.* .rel.gnu.linkonce.b.*)
 *(.rel.iplt)
 .rel.iplt      0x00000000000010d8        0x0 /Users/monroe/Library/Android/android-ndk-r10e/platforms/android-14/arch-arm/usr/lib/crtbegin_so.o
 .rel.fini_array
                0x00000000000010d8        0x8 /Users/monroe/Library/Android/android-ndk-r10e/platforms/android-14/arch-arm/usr/lib/crtbegin_so.o
 .rel.init_array
                0x00000000000010e0        0x8 /Users/monroe/Library/Android/android-ndk-r10e/platforms/android-14/arch-arm/usr/lib/crtbegin_so.o

.rela.dyn
 *(.rela.init)
 *(.rela.text .rela.text.* .rela.gnu.linkonce.t.*)
 *(.rela.fini)
 *(.rela.rodata .rela.rodata.* .rela.gnu.linkonce.r.*)
 *(.rela.data .rela.data.* .rela.gnu.linkonce.d.*)
 *(.rela.tdata .rela.tdata.* .rela.gnu.linkonce.td.*)
 *(.rela.tbss .rela.tbss.* .rela.gnu.linkonce.tb.*)
 *(.rela.ctors)
 *(.rela.dtors)
 *(.rela.got)
 *(.rela.bss .rela.bss.* .rela.gnu.linkonce.b.*)
 *(.rela.iplt)

.rel.plt        0x00000000000010e8      0x108
 *(.rel.plt)
 .rel.plt       0x00000000000010e8      0x108 /Users/monroe/Library/Android/android-ndk-r10e/platforms/android-14/arch-arm/usr/lib/crtbegin_so.o

.rela.plt
 *(.rela.plt)

.init
 *(SORT(.init))

.plt            0x00000000000011f0      0x1a0
 *(.plt)
 .plt           0x00000000000011f0      0x1a0 /Users/monroe/Library/Android/android-ndk-r10e/platforms/android-14/arch-arm/usr/lib/crtbegin_so.o

.iplt           0x0000000000001390        0x0
 *(.iplt)
 .iplt          0x0000000000001390        0x0 /Users/monroe/Library/Android/android-ndk-r10e/platforms/android-14/arch-arm/usr/lib/crtbegin_so.o

.text           0x0000000000001390     0x4204
 *(.text.unlikely .text.*_unlikely .text.unlikely.*)
 *(.text.exit .text.exit.*)
 .text.exit     0x0000000000001390       0x10 /Users/monroe/Library/Android/android-ndk-r10e/platforms/android-14/arch-arm/usr/lib/crtbegin_so.o
                0x0000000000001390                __on_dlclose
 *(.text.startup .text.startup.*)
 .text.startup._GLOBAL__sub_I_IwDebug.cpp
                0x00000000000013a0       0x88 /Applications/Marmalade.app/Contents/s3e/edk/lib/android/libedk.a(IwDebug.o)
 *(.text.hot .text.hot.*)
 *(.text .stub .text.* .gnu.linkonce.t.*)
 .text          0x0000000000001428       0x34 /Users/monroe/Library/Android/android-ndk-r10e/platforms/android-14/arch-arm/usr/lib/crtbegin_so.o
                0x0000000000001428                __atexit_handler_wrapper
                0x000000000000143c                atexit
 .text          0x000000000000145c      0xbe0 debug/Heyzap_platform.os
                0x0000000000001560                Heyzap_nativeCallback(_JNIEnv*, _jobject*, int, _jstring*)
                0x0000000000001620                HeyzapInit_platform()
                0x0000000000001c14                HeyzapTerminate_platform()
                0x0000000000001c5c                HeyzapStart_platform(char const*)
                0x0000000000001cbc                HeyzapFetchInterstitial_platform(char const*)
                0x0000000000001d1c                HeyzapShowInterstitial_platform(char const*)
                0x0000000000001d7c                HeyzapFetchVideo_platform(char const*)
                0x0000000000001ddc                HeyzapShowVideo_platform(char const*)
                0x0000000000001e3c                HeyzapFetchRewarded_platform(char const*)
                0x0000000000001e9c                HeyzapShowRewarded_platform(char const*)
                0x0000000000001efc                HeyzapShowBanner_platform(bool, char const*)
                0x0000000000001f64                HeyzapHideBanner_platform()
                0x0000000000001fac                HeyzapDestroyBanner_platform()
                0x0000000000001ff4                HeyzapStartTestActivity_platform()
 .text._ZN7_JNIEnv9FindClassEPKc
                0x000000000000203c       0x38 debug/Heyzap_platform.os
                0x000000000000203c                _JNIEnv::FindClass(char const*)
 .text._ZN7_JNIEnv17ExceptionOccurredEv
                0x0000000000002074       0x30 debug/Heyzap_platform.os
                0x0000000000002074                _JNIEnv::ExceptionOccurred()
 .text._ZN7_JNIEnv17ExceptionDescribeEv
                0x00000000000020a4       0x28 debug/Heyzap_platform.os
                0x00000000000020a4                _JNIEnv::ExceptionDescribe()
 .text._ZN7_JNIEnv14ExceptionClearEv
                0x00000000000020cc       0x28 debug/Heyzap_platform.os
                0x00000000000020cc                _JNIEnv::ExceptionClear()
 .text._ZN7_JNIEnv12NewGlobalRefEP8_jobject
                0x00000000000020f4       0x38 debug/Heyzap_platform.os
                0x00000000000020f4                _JNIEnv::NewGlobalRef(_jobject*)
 .text._ZN7_JNIEnv15DeleteGlobalRefEP8_jobject
                0x000000000000212c       0x30 debug/Heyzap_platform.os
                0x000000000000212c                _JNIEnv::DeleteGlobalRef(_jobject*)
 .text._ZN7_JNIEnv14DeleteLocalRefEP8_jobject
                0x000000000000215c       0x30 debug/Heyzap_platform.os
                0x000000000000215c                _JNIEnv::DeleteLocalRef(_jobject*)
 .text._ZN7_JNIEnv9NewObjectEP7_jclassP10_jmethodIDz
                0x000000000000218c       0x58 debug/Heyzap_platform.os
                0x000000000000218c                _JNIEnv::NewObject(_jclass*, _jmethodID*, ...)
 .text._ZN7_JNIEnv11GetMethodIDEP7_jclassPKcS3_
                0x00000000000021e4       0x48 debug/Heyzap_platform.os
                0x00000000000021e4                _JNIEnv::GetMethodID(_jclass*, char const*, char const*)
 .text._ZN7_JNIEnv14CallVoidMethodEP8_jobjectP10_jmethodIDz
                0x000000000000222c       0x4c debug/Heyzap_platform.os
                0x000000000000222c                _JNIEnv::CallVoidMethod(_jobject*, _jmethodID*, ...)
 .text._ZN7_JNIEnv12NewStringUTFEPKc
                0x0000000000002278       0x38 debug/Heyzap_platform.os
                0x0000000000002278                _JNIEnv::NewStringUTF(char const*)
 .text._ZN7_JNIEnv18GetStringUTFLengthEP8_jstring
                0x00000000000022b0       0x38 debug/Heyzap_platform.os
                0x00000000000022b0                _JNIEnv::GetStringUTFLength(_jstring*)
 .text._ZN7_JNIEnv17GetStringUTFCharsEP8_jstringPh
                0x00000000000022e8       0x40 debug/Heyzap_platform.os
                0x00000000000022e8                _JNIEnv::GetStringUTFChars(_jstring*, unsigned char*)
 .text._ZN7_JNIEnv21ReleaseStringUTFCharsEP8_jstringPKc
                0x0000000000002328       0x38 debug/Heyzap_platform.os
                0x0000000000002328                _JNIEnv::ReleaseStringUTFChars(_jstring*, char const*)
 .text._ZN7_JNIEnv15RegisterNativesEP7_jclassPK15JNINativeMethodi
                0x0000000000002360       0x48 debug/Heyzap_platform.os
                0x0000000000002360                _JNIEnv::RegisterNatives(_jclass*, JNINativeMethod const*, int)
 .text._ZN7_JavaVM6GetEnvEPPvi
                0x00000000000023a8       0x40 debug/Heyzap_platform.os
                0x00000000000023a8                _JavaVM::GetEnv(void**, int)
 .text          0x00000000000023e8      0x134 debug/Heyzap.os
                0x00000000000023e8                HeyzapInit()
                0x00000000000023fc                HeyzapTerminate()
                0x0000000000002408                HeyzapStart
                0x0000000000002424                HeyzapFetchInterstitial
                0x0000000000002440                HeyzapShowInterstitial
                0x000000000000245c                HeyzapFetchVideo
                0x0000000000002478                HeyzapShowVideo
                0x0000000000002494                HeyzapFetchRewarded
                0x00000000000024b0                HeyzapShowRewarded
                0x00000000000024cc                HeyzapShowBanner
                0x00000000000024f8                HeyzapHideBanner
                0x0000000000002504                HeyzapDestroyBanner
                0x0000000000002510                HeyzapStartTestActivity
 .text          0x000000000000251c      0x274 debug/Heyzap_register.os
                0x000000000000251c                HeyzapRegister
                0x000000000000256c                HeyzapUnRegister
                0x00000000000025b0                HeyzapRegisterExt()
                0x0000000000002784                RegisterExt
 .text          0x0000000000002790        0x0 /Applications/Marmalade.app/Contents/s3e/edk/lib/android/libedk.a(IwDebug.o)
 .text.IwDebugClearConfigCache
                0x0000000000002790       0x80 /Applications/Marmalade.app/Contents/s3e/edk/lib/android/libedk.a(IwDebug.o)
                0x0000000000002790                IwDebugClearConfigCache
 .text.IwDebugAssertIsChannelOn
                0x0000000000002810      0x1ec /Applications/Marmalade.app/Contents/s3e/edk/lib/android/libedk.a(IwDebug.o)
                0x0000000000002810                IwDebugAssertIsChannelOn
 .text.IwDebugAssertShow
                0x00000000000029fc      0x2e8 /Applications/Marmalade.app/Contents/s3e/edk/lib/android/libedk.a(IwDebug.o)
                0x00000000000029fc                IwDebugAssertShow
 .text.IwDebugAssertSetSolution
                0x0000000000002ce4       0xb4 /Applications/Marmalade.app/Contents/s3e/edk/lib/android/libedk.a(IwDebug.o)
                0x0000000000002ce4                IwDebugAssertSetSolution
 .text.IwDebugAssertSetMessage
                0x0000000000002d98       0xfc /Applications/Marmalade.app/Contents/s3e/edk/lib/android/libedk.a(IwDebug.o)
                0x0000000000002d98                IwDebugAssertSetMessage
 .text.IwAssertRegisterTextCallback
                0x0000000000002e94       0x1c /Applications/Marmalade.app/Contents/s3e/edk/lib/android/libedk.a(IwDebug.o)
                0x0000000000002e94                IwAssertRegisterTextCallback
 .text.IwAssertRegisterCallback
                0x0000000000002eb0       0x1c /Applications/Marmalade.app/Contents/s3e/edk/lib/android/libedk.a(IwDebug.o)
                0x0000000000002eb0                IwAssertRegisterCallback
 .text.IwDebugTraceDisable
                0x0000000000002ecc       0x10 /Applications/Marmalade.app/Contents/s3e/edk/lib/android/libedk.a(IwDebug.o)
                0x0000000000002ecc                IwDebugTraceDisable
 .text.IwDebugTraceIsChannelOn
                0x0000000000002edc      0x27c /Applications/Marmalade.app/Contents/s3e/edk/lib/android/libedk.a(IwDebug.o)
                0x0000000000002edc                IwDebugTraceIsChannelOn
 .text.IwDebugTraceSetTraceChannel
                0x0000000000003158       0x1c /Applications/Marmalade.app/Contents/s3e/edk/lib/android/libedk.a(IwDebug.o)
                0x0000000000003158                IwDebugTraceSetTraceChannel
 .text.IwDebugTraceChannelSwitch
                0x0000000000003174      0x1e4 /Applications/Marmalade.app/Contents/s3e/edk/lib/android/libedk.a(IwDebug.o)
                0x0000000000003174                IwDebugTraceChannelSwitch
 .text.IwDebugTraceLineVPrintf
                0x0000000000003358       0xfc /Applications/Marmalade.app/Contents/s3e/edk/lib/android/libedk.a(IwDebug.o)
                0x0000000000003358                IwDebugTraceLineVPrintf
 .text.IwDebugTraceLinePrintf
                0x0000000000003454       0x30 /Applications/Marmalade.app/Contents/s3e/edk/lib/android/libedk.a(IwDebug.o)
                0x0000000000003454                IwDebugTraceLinePrintf
 .text.IwDebugErrorRegisterCallback
                0x0000000000003484       0x1c /Applications/Marmalade.app/Contents/s3e/edk/lib/android/libedk.a(IwDebug.o)
                0x0000000000003484                IwDebugErrorRegisterCallback
 .text.IwDebugErrorShow
                0x00000000000034a0      0x108 /Applications/Marmalade.app/Contents/s3e/edk/lib/android/libedk.a(IwDebug.o)
                0x00000000000034a0                IwDebugErrorShow
 .text.IwDebugAssertSetUID
                0x00000000000035a8       0x14 /Applications/Marmalade.app/Contents/s3e/edk/lib/android/libedk.a(IwDebug.o)
                0x00000000000035a8                IwDebugAssertSetUID
 .text          0x00000000000035bc        0x0 /Applications/Marmalade.app/Contents/s3e/edk/lib/android/libedk.a(edk_helpers.o)
 .text.s3eEdkErrorSetString
                0x00000000000035bc       0x30 /Applications/Marmalade.app/Contents/s3e/edk/lib/android/libedk.a(edk_helpers.o)
                0x00000000000035bc                s3eEdkErrorSetString
 .text.s3eEdkThreadRunOnOS
                0x00000000000035ec       0x30 /Applications/Marmalade.app/Contents/s3e/edk/lib/android/libedk.a(edk_helpers.o)
                0x00000000000035ec                s3eEdkThreadRunOnOS
 .text.s3eEdkThreadRunOnOSAsync
                0x000000000000361c       0x30 /Applications/Marmalade.app/Contents/s3e/edk/lib/android/libedk.a(edk_helpers.o)
                0x000000000000361c                s3eEdkThreadRunOnOSAsync
 .text          0x000000000000364c       0x44 /Users/monroe/Library/Android/android-ndk-r10e/toolchains/arm-linux-androideabi-4.8/prebuilt/darwin-x86_64/bin/../lib/gcc/arm-linux-androideabi/4.8/libgcc.a(_aeabi_ldivmod.o)
                0x000000000000364c                __aeabi_ldivmod
 .text          0x0000000000003690       0x10 /Users/monroe/Library/Android/android-ndk-r10e/toolchains/arm-linux-androideabi-4.8/prebuilt/darwin-x86_64/bin/../lib/gcc/arm-linux-androideabi/4.8/libgcc.a(_dvmd_lnx.o)
                0x0000000000003690                __aeabi_ldiv0
                0x0000000000003690                __aeabi_idiv0
 .text          0x00000000000036a0       0x78 /Users/monroe/Library/Android/android-ndk-r10e/toolchains/arm-linux-androideabi-4.8/prebuilt/darwin-x86_64/bin/../lib/gcc/arm-linux-androideabi/4.8/libgcc.a(bpabi.o)
                0x00000000000036a0                __gnu_ldivmod_helper
                0x00000000000036dc                __gnu_uldivmod_helper
 .text          0x0000000000003718      0xeec /Users/monroe/Library/Android/android-ndk-r10e/toolchains/arm-linux-androideabi-4.8/prebuilt/darwin-x86_64/bin/../lib/gcc/arm-linux-androideabi/4.8/libgcc.a(unwind-arm.o)
                0x0000000000003b50                _Unwind_GetCFA
                0x0000000000003b58                __gnu_Unwind_RaiseException
                0x0000000000003bfc                __gnu_Unwind_ForcedUnwind
                0x0000000000003c18                __gnu_Unwind_Resume
                0x0000000000003c8c                __gnu_Unwind_Resume_or_Rethrow
                0x0000000000003cac                _Unwind_Complete
                0x0000000000003cb0                _Unwind_DeleteException
                0x0000000000003cd0                _Unwind_VRS_Get
                0x0000000000003d54                _Unwind_VRS_Set
                0x0000000000003ddc                __gnu_Unwind_Backtrace
                0x0000000000004294                __aeabi_unwind_cpp_pr0
                0x000000000000429c                __aeabi_unwind_cpp_pr1
                0x00000000000042a4                __aeabi_unwind_cpp_pr2
                0x00000000000042ac                _Unwind_VRS_Pop
 .text          0x0000000000004604      0x1a8 /Users/monroe/Library/Android/android-ndk-r10e/toolchains/arm-linux-androideabi-4.8/prebuilt/darwin-x86_64/bin/../lib/gcc/arm-linux-androideabi/4.8/libgcc.a(libunwind.o)
                0x0000000000004604                __restore_core_regs
                0x0000000000004604                restore_core_regs
                0x0000000000004618                __gnu_Unwind_Restore_VFP
                0x0000000000004620                __gnu_Unwind_Save_VFP
                0x0000000000004628                __gnu_Unwind_Restore_VFP_D
                0x0000000000004630                __gnu_Unwind_Save_VFP_D
                0x0000000000004638                __gnu_Unwind_Restore_VFP_D_16_to_31
                0x0000000000004640                __gnu_Unwind_Save_VFP_D_16_to_31
                0x0000000000004648                __gnu_Unwind_Restore_WMMXD
                0x000000000000468c                __gnu_Unwind_Save_WMMXD
                0x00000000000046d0                __gnu_Unwind_Restore_WMMXC
                0x00000000000046e4                __gnu_Unwind_Save_WMMXC
                0x00000000000046f8                _Unwind_RaiseException
                0x00000000000046f8                ___Unwind_RaiseException
                0x000000000000471c                ___Unwind_Resume
                0x000000000000471c                _Unwind_Resume
                0x0000000000004740                ___Unwind_Resume_or_Rethrow
                0x0000000000004740                _Unwind_Resume_or_Rethrow
                0x0000000000004764                _Unwind_ForcedUnwind
                0x0000000000004764                ___Unwind_ForcedUnwind
                0x0000000000004788                _Unwind_Backtrace
                0x0000000000004788                ___Unwind_Backtrace
 .text          0x00000000000047ac      0x484 /Users/monroe/Library/Android/android-ndk-r10e/toolchains/arm-linux-androideabi-4.8/prebuilt/darwin-x86_64/bin/../lib/gcc/arm-linux-androideabi/4.8/libgcc.a(pr-support.o)
                0x0000000000004838                __gnu_unwind_execute
                0x0000000000004bb4                __gnu_unwind_frame
                0x0000000000004bf4                _Unwind_GetRegionStart
                0x0000000000004c04                _Unwind_GetLanguageSpecificData
                0x0000000000004c20                _Unwind_GetDataRelBase
                0x0000000000004c28                _Unwind_GetTextRelBase
 .text          0x0000000000004c30      0x498 /Users/monroe/Library/Android/android-ndk-r10e/toolchains/arm-linux-androideabi-4.8/prebuilt/darwin-x86_64/bin/../lib/gcc/arm-linux-androideabi/4.8/libgcc.a(_divdi3.o)
                0x0000000000004c30                __divdi3
 .text          0x00000000000050c8      0x404 /Users/monroe/Library/Android/android-ndk-r10e/toolchains/arm-linux-androideabi-4.8/prebuilt/darwin-x86_64/bin/../lib/gcc/arm-linux-androideabi/4.8/libgcc.a(_udivdi3.o)
                0x00000000000050c8                __udivdi3
 .text          0x00000000000054cc       0xc8 /Users/monroe/Library/Android/android-ndk-r10e/toolchains/arm-linux-androideabi-4.8/prebuilt/darwin-x86_64/bin/../lib/gcc/arm-linux-androideabi/4.8/libgcc.a(_udivsi3.o)
                0x00000000000054cc                __udivsi3
                0x00000000000054cc                __aeabi_uidiv
                0x0000000000005574                __aeabi_uidivmod
 .text          0x0000000000005594        0x0 /Users/monroe/Library/Android/android-ndk-r10e/platforms/android-14/arch-arm/usr/lib/crtend_so.o
 *(.gnu.warning)
 *(.glue_7t)
 .glue_7t       0x0000000000005594        0x0 linker stubs
 *(.glue_7)
 .glue_7        0x0000000000005594        0x0 linker stubs
 *(.vfp11_veneer)
 .vfp11_veneer  0x0000000000005594        0x0 linker stubs
 *(.v4_bx)
 .v4_bx         0x0000000000005594        0x0 linker stubs

.fini
 *(SORT(.fini))
                0x0000000000005594                PROVIDE (__etext, .)
                0x0000000000005594                PROVIDE (_etext, .)
                0x0000000000005594                PROVIDE (etext, .)

.rodata         0x0000000000005594      0x2b4
 *(.rodata .rodata.* .gnu.linkonce.r.*)
 .rodata        0x0000000000005594      0x190 debug/Heyzap_platform.os
 .rodata        0x0000000000005724        0x8 debug/Heyzap_register.os
 .rodata.str1.4
                0x000000000000572c      0x11c /Applications/Marmalade.app/Contents/s3e/edk/lib/android/libedk.a(IwDebug.o)
                                        0x120 (size before relaxing)

.rodata1
 *(.rodata1)

.ARM.extab      0x0000000000005848       0x48
 *(.ARM.extab* .gnu.linkonce.armextab.*)
 .ARM.extab     0x0000000000005848        0xc /Users/monroe/Library/Android/android-ndk-r10e/toolchains/arm-linux-androideabi-4.8/prebuilt/darwin-x86_64/bin/../lib/gcc/arm-linux-androideabi/4.8/libgcc.a(_dvmd_lnx.o)
 .ARM.extab     0x0000000000005854        0x0 /Users/monroe/Library/Android/android-ndk-r10e/toolchains/arm-linux-androideabi-4.8/prebuilt/darwin-x86_64/bin/../lib/gcc/arm-linux-androideabi/4.8/libgcc.a(bpabi.o)
 .ARM.extab     0x0000000000005854        0xc /Users/monroe/Library/Android/android-ndk-r10e/toolchains/arm-linux-androideabi-4.8/prebuilt/darwin-x86_64/bin/../lib/gcc/arm-linux-androideabi/4.8/libgcc.a(unwind-arm.o)
 .ARM.extab     0x0000000000005860       0x30 /Users/monroe/Library/Android/android-ndk-r10e/toolchains/arm-linux-androideabi-4.8/prebuilt/darwin-x86_64/bin/../lib/gcc/arm-linux-androideabi/4.8/libgcc.a(pr-support.o)
 .ARM.extab     0x0000000000005890        0x0 /Users/monroe/Library/Android/android-ndk-r10e/toolchains/arm-linux-androideabi-4.8/prebuilt/darwin-x86_64/bin/../lib/gcc/arm-linux-androideabi/4.8/libgcc.a(_divdi3.o)
 .ARM.extab     0x0000000000005890        0x0 /Users/monroe/Library/Android/android-ndk-r10e/toolchains/arm-linux-androideabi-4.8/prebuilt/darwin-x86_64/bin/../lib/gcc/arm-linux-androideabi/4.8/libgcc.a(_udivdi3.o)
                0x0000000000005890                PROVIDE (__exidx_start, .)

.ARM.exidx      0x0000000000005890      0x128
 *(.ARM.exidx* .gnu.linkonce.armexidx.*)
 .ARM.exidx     0x0000000000005890        0x8 /Users/monroe/Library/Android/android-ndk-r10e/toolchains/arm-linux-androideabi-4.8/prebuilt/darwin-x86_64/bin/../lib/gcc/arm-linux-androideabi/4.8/libgcc.a(_dvmd_lnx.o)
 .ARM.exidx     0x0000000000005898        0x8 /Users/monroe/Library/Android/android-ndk-r10e/toolchains/arm-linux-androideabi-4.8/prebuilt/darwin-x86_64/bin/../lib/gcc/arm-linux-androideabi/4.8/libgcc.a(bpabi.o)
                                         0x10 (size before relaxing)
 .ARM.exidx     0x00000000000058a0       0xb8 /Users/monroe/Library/Android/android-ndk-r10e/toolchains/arm-linux-androideabi-4.8/prebuilt/darwin-x86_64/bin/../lib/gcc/arm-linux-androideabi/4.8/libgcc.a(unwind-arm.o)
                                         0xd8 (size before relaxing)
 .ARM.exidx     0x0000000000005958       0x48 /Users/monroe/Library/Android/android-ndk-r10e/toolchains/arm-linux-androideabi-4.8/prebuilt/darwin-x86_64/bin/../lib/gcc/arm-linux-androideabi/4.8/libgcc.a(pr-support.o)
 .ARM.exidx     0x00000000000059a0        0x8 /Users/monroe/Library/Android/android-ndk-r10e/toolchains/arm-linux-androideabi-4.8/prebuilt/darwin-x86_64/bin/../lib/gcc/arm-linux-androideabi/4.8/libgcc.a(_divdi3.o)
 .ARM.exidx     0x00000000000059a8       0x10 /Users/monroe/Library/Android/android-ndk-r10e/toolchains/arm-linux-androideabi-4.8/prebuilt/darwin-x86_64/bin/../lib/gcc/arm-linux-androideabi/4.8/libgcc.a(_udivdi3.o)
                                          0x8 (size before relaxing)
                0x00000000000059b8                PROVIDE (__exidx_end, .)

.eh_frame_hdr   0x00000000000059b8        0x0
 *(.eh_frame_hdr)
 .eh_frame_hdr  0x00000000000059b8        0x0 /Users/monroe/Library/Android/android-ndk-r10e/platforms/android-14/arch-arm/usr/lib/crtend_so.o

.eh_frame
 *(.eh_frame)

.gcc_except_table
 *(.gcc_except_table .gcc_except_table.*)

.exception_ranges
 *(.exception_ranges .exception_ranges*)
                0x0000000000010000                . = ALIGN (0x10000)
                0x0000000000010e0c                . = DATA_SEGMENT_ALIGN (0x10000, 0x1000)

.eh_frame
 *(.eh_frame)

.gcc_except_table
 *(.gcc_except_table .gcc_except_table.*)

.exception_ranges
 *(.exception_ranges .exception_ranges*)

.tdata
 *(.tdata .tdata.* .gnu.linkonce.td.*)

.tbss
 *(.tbss .tbss.* .gnu.linkonce.tb.*)
 *(.tcommon)
                0x0000000000010e0c                . = ALIGN (0x4)

.preinit_array
 *(.preinit_array)

.init_array     0x0000000000010e0c        0x8
 *crtbegin*.o(.init_array)
 *(SORT(.init_array.*) SORT(.ctors.*))
 *(.init_array EXCLUDE_FILE(*crtend*.o *crtend.o *crtbegin*.o *crtbegin.o) .ctors)
 .init_array    0x0000000000010e0c        0x4 /Applications/Marmalade.app/Contents/s3e/edk/lib/android/libedk.a(IwDebug.o)
 .init_array    0x0000000000010e10        0x4 /Users/monroe/Library/Android/android-ndk-r10e/platforms/android-14/arch-arm/usr/lib/crtend_so.o

.fini_array     0x0000000000010e14        0x8
 *crtbegin*.o(.fini_array)
 .fini_array    0x0000000000010e14        0x4 /Users/monroe/Library/Android/android-ndk-r10e/platforms/android-14/arch-arm/usr/lib/crtbegin_so.o
 *(SORT(.fini_array.*) SORT(.dtors.*))
 *(.fini_array EXCLUDE_FILE(*crtend*.o *crtend.o *crtbegin*.o *crtbegin.o) .dtors)
 .fini_array    0x0000000000010e18        0x4 /Users/monroe/Library/Android/android-ndk-r10e/platforms/android-14/arch-arm/usr/lib/crtend_so.o

.ctors
 *crtbegin.o(.ctors)
 *crtbegin*.o(.ctors)
 *(EXCLUDE_FILE(*crtend*.o *crtend.o) .ctors)
 *(SORT(.ctors.*))
 *(.ctors)

.dtors
 *crtbegin.o(.dtors)
 *crtbegin*.o(.dtors)
 *(EXCLUDE_FILE(*crtend*.o *crtend.o) .dtors)
 *(SORT(.dtors.*))
 *(.dtors)

.jcr
 *(.jcr)

.data.rel.ro    0x0000000000010e1c        0xc
 *(.data.rel.ro.local* .gnu.linkonce.d.rel.ro.local.*)
 *(.data.rel.ro .data.rel.ro.* .gnu.linkonce.d.rel.ro.*)
 .data.rel.ro   0x0000000000010e1c        0xc debug/Heyzap_platform.os

.dynamic        0x0000000000010e28       0xf8
 *(.dynamic)
 .dynamic       0x0000000000010e28       0xf8 /Users/monroe/Library/Android/android-ndk-r10e/platforms/android-14/arch-arm/usr/lib/crtbegin_so.o
                0x0000000000010e28                _DYNAMIC

.got            0x0000000000010f20       0xe0
 *(.got.plt)
 .got.plt       0x0000000000010f20       0x90 /Users/monroe/Library/Android/android-ndk-r10e/platforms/android-14/arch-arm/usr/lib/crtbegin_so.o
                0x0000000000010f20                _GLOBAL_OFFSET_TABLE_
 *(.igot.plt)
 .igot.plt      0x0000000000010fb0        0x0 /Users/monroe/Library/Android/android-ndk-r10e/platforms/android-14/arch-arm/usr/lib/crtbegin_so.o
 *(.got)
 .got           0x0000000000010fb0       0x50 /Users/monroe/Library/Android/android-ndk-r10e/platforms/android-14/arch-arm/usr/lib/crtbegin_so.o
 *(.igot)
                0x0000000000011000                . = DATA_SEGMENT_RELRO_END (., 0x0)

.data           0x0000000000011000        0x4
                0x0000000000011000                PROVIDE (__data_start, .)
 *(.data .data.* .gnu.linkonce.d.*)
 .data          0x0000000000011000        0x4 /Users/monroe/Library/Android/android-ndk-r10e/platforms/android-14/arch-arm/usr/lib/crtbegin_so.o
                0x0000000000011000                __dso_handle
 .data          0x0000000000011004        0x0 debug/Heyzap_platform.os
 .data          0x0000000000011004        0x0 debug/Heyzap.os
 .data          0x0000000000011004        0x0 debug/Heyzap_register.os
 .data          0x0000000000011004        0x0 /Applications/Marmalade.app/Contents/s3e/edk/lib/android/libedk.a(IwDebug.o)
 .data          0x0000000000011004        0x0 /Applications/Marmalade.app/Contents/s3e/edk/lib/android/libedk.a(edk_helpers.o)
 .data          0x0000000000011004        0x0 /Users/monroe/Library/Android/android-ndk-r10e/toolchains/arm-linux-androideabi-4.8/prebuilt/darwin-x86_64/bin/../lib/gcc/arm-linux-androideabi/4.8/libgcc.a(_aeabi_ldivmod.o)
 .data          0x0000000000011004        0x0 /Users/monroe/Library/Android/android-ndk-r10e/toolchains/arm-linux-androideabi-4.8/prebuilt/darwin-x86_64/bin/../lib/gcc/arm-linux-androideabi/4.8/libgcc.a(_dvmd_lnx.o)
 .data          0x0000000000011004        0x0 /Users/monroe/Library/Android/android-ndk-r10e/toolchains/arm-linux-androideabi-4.8/prebuilt/darwin-x86_64/bin/../lib/gcc/arm-linux-androideabi/4.8/libgcc.a(bpabi.o)
 .data          0x0000000000011004        0x0 /Users/monroe/Library/Android/android-ndk-r10e/toolchains/arm-linux-androideabi-4.8/prebuilt/darwin-x86_64/bin/../lib/gcc/arm-linux-androideabi/4.8/libgcc.a(unwind-arm.o)
 .data          0x0000000000011004        0x0 /Users/monroe/Library/Android/android-ndk-r10e/toolchains/arm-linux-androideabi-4.8/prebuilt/darwin-x86_64/bin/../lib/gcc/arm-linux-androideabi/4.8/libgcc.a(libunwind.o)
 .data          0x0000000000011004        0x0 /Users/monroe/Library/Android/android-ndk-r10e/toolchains/arm-linux-androideabi-4.8/prebuilt/darwin-x86_64/bin/../lib/gcc/arm-linux-androideabi/4.8/libgcc.a(pr-support.o)
 .data          0x0000000000011004        0x0 /Users/monroe/Library/Android/android-ndk-r10e/toolchains/arm-linux-androideabi-4.8/prebuilt/darwin-x86_64/bin/../lib/gcc/arm-linux-androideabi/4.8/libgcc.a(_divdi3.o)
 .data          0x0000000000011004        0x0 /Users/monroe/Library/Android/android-ndk-r10e/toolchains/arm-linux-androideabi-4.8/prebuilt/darwin-x86_64/bin/../lib/gcc/arm-linux-androideabi/4.8/libgcc.a(_udivdi3.o)
 .data          0x0000000000011004        0x0 /Users/monroe/Library/Android/android-ndk-r10e/toolchains/arm-linux-androideabi-4.8/prebuilt/darwin-x86_64/bin/../lib/gcc/arm-linux-androideabi/4.8/libgcc.a(_udivsi3.o)
 .data          0x0000000000011004        0x0 /Users/monroe/Library/Android/android-ndk-r10e/platforms/android-14/arch-arm/usr/lib/crtend_so.o

.data1
 *(.data1)
                0x0000000000011004                _edata = .
                0x0000000000011004                PROVIDE (edata, .)
                0x0000000000011004                . = .
                0x0000000000011004                __bss_start = .
                0x0000000000011004                __bss_start__ = .

.bss            0x0000000000011004     0x1a58
 *(.dynbss)
 .dynbss        0x0000000000011004        0x0 /Users/monroe/Library/Android/android-ndk-r10e/platforms/android-14/arch-arm/usr/lib/crtbegin_so.o
 *(.bss .bss.* .gnu.linkonce.b.*)
 .bss           0x0000000000011004        0x0 /Users/monroe/Library/Android/android-ndk-r10e/platforms/android-14/arch-arm/usr/lib/crtbegin_so.o
 .bss           0x0000000000011004       0x30 debug/Heyzap_platform.os
 .bss           0x0000000000011034        0x0 debug/Heyzap.os
 .bss           0x0000000000011034        0x0 debug/Heyzap_register.os
 .bss           0x0000000000011034     0x1a28 /Applications/Marmalade.app/Contents/s3e/edk/lib/android/libedk.a(IwDebug.o)
                0x0000000000011034                g_DebugGlobals
 .bss           0x0000000000012a5c        0x0 /Applications/Marmalade.app/Contents/s3e/edk/lib/android/libedk.a(edk_helpers.o)
 .bss           0x0000000000012a5c        0x0 /Users/monroe/Library/Android/android-ndk-r10e/toolchains/arm-linux-androideabi-4.8/prebuilt/darwin-x86_64/bin/../lib/gcc/arm-linux-androideabi/4.8/libgcc.a(_aeabi_ldivmod.o)
 .bss           0x0000000000012a5c        0x0 /Users/monroe/Library/Android/android-ndk-r10e/toolchains/arm-linux-androideabi-4.8/prebuilt/darwin-x86_64/bin/../lib/gcc/arm-linux-androideabi/4.8/libgcc.a(_dvmd_lnx.o)
 .bss           0x0000000000012a5c        0x0 /Users/monroe/Library/Android/android-ndk-r10e/toolchains/arm-linux-androideabi-4.8/prebuilt/darwin-x86_64/bin/../lib/gcc/arm-linux-androideabi/4.8/libgcc.a(bpabi.o)
 .bss           0x0000000000012a5c        0x0 /Users/monroe/Library/Android/android-ndk-r10e/toolchains/arm-linux-androideabi-4.8/prebuilt/darwin-x86_64/bin/../lib/gcc/arm-linux-androideabi/4.8/libgcc.a(unwind-arm.o)
 .bss           0x0000000000012a5c        0x0 /Users/monroe/Library/Android/android-ndk-r10e/toolchains/arm-linux-androideabi-4.8/prebuilt/darwin-x86_64/bin/../lib/gcc/arm-linux-androideabi/4.8/libgcc.a(libunwind.o)
 .bss           0x0000000000012a5c        0x0 /Users/monroe/Library/Android/android-ndk-r10e/toolchains/arm-linux-androideabi-4.8/prebuilt/darwin-x86_64/bin/../lib/gcc/arm-linux-androideabi/4.8/libgcc.a(pr-support.o)
 .bss           0x0000000000012a5c        0x0 /Users/monroe/Library/Android/android-ndk-r10e/toolchains/arm-linux-androideabi-4.8/prebuilt/darwin-x86_64/bin/../lib/gcc/arm-linux-androideabi/4.8/libgcc.a(_divdi3.o)
 .bss           0x0000000000012a5c        0x0 /Users/monroe/Library/Android/android-ndk-r10e/toolchains/arm-linux-androideabi-4.8/prebuilt/darwin-x86_64/bin/../lib/gcc/arm-linux-androideabi/4.8/libgcc.a(_udivdi3.o)
 .bss           0x0000000000012a5c        0x0 /Users/monroe/Library/Android/android-ndk-r10e/toolchains/arm-linux-androideabi-4.8/prebuilt/darwin-x86_64/bin/../lib/gcc/arm-linux-androideabi/4.8/libgcc.a(_udivsi3.o)
 .bss           0x0000000000012a5c        0x0 /Users/monroe/Library/Android/android-ndk-r10e/platforms/android-14/arch-arm/usr/lib/crtend_so.o
 *(COMMON)
                0x0000000000012a5c                . = ALIGN (0x4)
                0x0000000000012a5c                _bss_end__ = .
                0x0000000000012a5c                __bss_end__ = .
                0x0000000000012a5c                . = ALIGN (0x4)
                0x0000000000012a5c                . = SEGMENT_START ("ldata-segment", .)
                0x0000000000012a5c                . = ALIGN (0x4)
                0x0000000000012a5c                __end__ = .
                0x0000000000012a5c                _end = .
                0x0000000000012a5c                _bss_end__ = .
                0x0000000000012a5c                __bss_end__ = .
                0x0000000000012a5c                __end__ = .
                0x0000000000012a5c                PROVIDE (end, .)
                0x0000000000012a5c                . = DATA_SEGMENT_END (.)

.stab
 *(.stab)

.stabstr
 *(.stabstr)

.stab.excl
 *(.stab.excl)

.stab.exclstr
 *(.stab.exclstr)

.stab.index
 *(.stab.index)

.stab.indexstr
 *(.stab.indexstr)

.comment        0x0000000000000000        0xf
 *(.comment)
 .comment       0x0000000000000000        0xf /Users/monroe/Library/Android/android-ndk-r10e/platforms/android-14/arch-arm/usr/lib/crtbegin_so.o
                                         0x10 (size before relaxing)
 .comment       0x000000000000000f       0x10 debug/Heyzap_platform.os
 .comment       0x000000000000000f       0x10 debug/Heyzap.os
 .comment       0x000000000000000f       0x10 debug/Heyzap_register.os
 .comment       0x000000000000000f       0x10 /Applications/Marmalade.app/Contents/s3e/edk/lib/android/libedk.a(IwDebug.o)
 .comment       0x000000000000000f       0x10 /Applications/Marmalade.app/Contents/s3e/edk/lib/android/libedk.a(edk_helpers.o)
 .comment       0x000000000000000f       0x10 /Users/monroe/Library/Android/android-ndk-r10e/toolchains/arm-linux-androideabi-4.8/prebuilt/darwin-x86_64/bin/../lib/gcc/arm-linux-androideabi/4.8/libgcc.a(bpabi.o)
 .comment       0x000000000000000f       0x10 /Users/monroe/Library/Android/android-ndk-r10e/toolchains/arm-linux-androideabi-4.8/prebuilt/darwin-x86_64/bin/../lib/gcc/arm-linux-androideabi/4.8/libgcc.a(unwind-arm.o)
 .comment       0x000000000000000f       0x10 /Users/monroe/Library/Android/android-ndk-r10e/toolchains/arm-linux-androideabi-4.8/prebuilt/darwin-x86_64/bin/../lib/gcc/arm-linux-androideabi/4.8/libgcc.a(pr-support.o)
 .comment       0x000000000000000f       0x10 /Users/monroe/Library/Android/android-ndk-r10e/toolchains/arm-linux-androideabi-4.8/prebuilt/darwin-x86_64/bin/../lib/gcc/arm-linux-androideabi/4.8/libgcc.a(_divdi3.o)
 .comment       0x000000000000000f       0x10 /Users/monroe/Library/Android/android-ndk-r10e/toolchains/arm-linux-androideabi-4.8/prebuilt/darwin-x86_64/bin/../lib/gcc/arm-linux-androideabi/4.8/libgcc.a(_udivdi3.o)

.ARM.attributes
                0x0000000000000000       0x2d
 .ARM.attributes
                0x0000000000000000       0x2b /Users/monroe/Library/Android/android-ndk-r10e/platforms/android-14/arch-arm/usr/lib/crtbegin_so.o
 .ARM.attributes
                0x000000000000002b       0x2f debug/Heyzap_platform.os
 .ARM.attributes
                0x000000000000005a       0x2f debug/Heyzap.os
 .ARM.attributes
                0x0000000000000089       0x2f debug/Heyzap_register.os
 .ARM.attributes
                0x00000000000000b8       0x2f /Applications/Marmalade.app/Contents/s3e/edk/lib/android/libedk.a(IwDebug.o)
 .ARM.attributes
                0x00000000000000e7       0x2f /Applications/Marmalade.app/Contents/s3e/edk/lib/android/libedk.a(edk_helpers.o)
 .ARM.attributes
                0x0000000000000116       0x1f /Users/monroe/Library/Android/android-ndk-r10e/toolchains/arm-linux-androideabi-4.8/prebuilt/darwin-x86_64/bin/../lib/gcc/arm-linux-androideabi/4.8/libgcc.a(_aeabi_ldivmod.o)
 .ARM.attributes
                0x0000000000000135       0x1f /Users/monroe/Library/Android/android-ndk-r10e/toolchains/arm-linux-androideabi-4.8/prebuilt/darwin-x86_64/bin/../lib/gcc/arm-linux-androideabi/4.8/libgcc.a(_dvmd_lnx.o)
 .ARM.attributes
                0x0000000000000154       0x2b /Users/monroe/Library/Android/android-ndk-r10e/toolchains/arm-linux-androideabi-4.8/prebuilt/darwin-x86_64/bin/../lib/gcc/arm-linux-androideabi/4.8/libgcc.a(bpabi.o)
 .ARM.attributes
                0x000000000000017f       0x2b /Users/monroe/Library/Android/android-ndk-r10e/toolchains/arm-linux-androideabi-4.8/prebuilt/darwin-x86_64/bin/../lib/gcc/arm-linux-androideabi/4.8/libgcc.a(unwind-arm.o)
 .ARM.attributes
                0x00000000000001aa       0x1f /Users/monroe/Library/Android/android-ndk-r10e/toolchains/arm-linux-androideabi-4.8/prebuilt/darwin-x86_64/bin/../lib/gcc/arm-linux-androideabi/4.8/libgcc.a(libunwind.o)
 .ARM.attributes
                0x00000000000001c9       0x2b /Users/monroe/Library/Android/android-ndk-r10e/toolchains/arm-linux-androideabi-4.8/prebuilt/darwin-x86_64/bin/../lib/gcc/arm-linux-androideabi/4.8/libgcc.a(pr-support.o)
 .ARM.attributes
                0x00000000000001f4       0x2b /Users/monroe/Library/Android/android-ndk-r10e/toolchains/arm-linux-androideabi-4.8/prebuilt/darwin-x86_64/bin/../lib/gcc/arm-linux-androideabi/4.8/libgcc.a(_divdi3.o)
 .ARM.attributes
                0x000000000000021f       0x2b /Users/monroe/Library/Android/android-ndk-r10e/toolchains/arm-linux-androideabi-4.8/prebuilt/darwin-x86_64/bin/../lib/gcc/arm-linux-androideabi/4.8/libgcc.a(_udivdi3.o)
 .ARM.attributes
                0x000000000000024a       0x1f /Users/monroe/Library/Android/android-ndk-r10e/toolchains/arm-linux-androideabi-4.8/prebuilt/darwin-x86_64/bin/../lib/gcc/arm-linux-androideabi/4.8/libgcc.a(_udivsi3.o)
 .ARM.attributes
                0x0000000000000269       0x1d /Users/monroe/Library/Android/android-ndk-r10e/platforms/android-14/arch-arm/usr/lib/crtend_so.o

.debug
 *(.debug)

.line
 *(.line)

.debug_srcinfo
 *(.debug_srcinfo)

.debug_sfnames
 *(.debug_sfnames)

.debug_aranges  0x0000000000000000      0x200
 *(.debug_aranges)
 .debug_aranges
                0x0000000000000000       0xa0 debug/Heyzap_platform.os
 .debug_aranges
                0x00000000000000a0       0x20 debug/Heyzap.os
 .debug_aranges
                0x00000000000000c0       0x20 debug/Heyzap_register.os
 .debug_aranges
                0x00000000000000e0       0x20 /Users/monroe/Library/Android/android-ndk-r10e/toolchains/arm-linux-androideabi-4.8/prebuilt/darwin-x86_64/bin/../lib/gcc/arm-linux-androideabi/4.8/libgcc.a(_aeabi_ldivmod.o)
 .debug_aranges
                0x0000000000000100       0x20 /Users/monroe/Library/Android/android-ndk-r10e/toolchains/arm-linux-androideabi-4.8/prebuilt/darwin-x86_64/bin/../lib/gcc/arm-linux-androideabi/4.8/libgcc.a(_dvmd_lnx.o)
 .debug_aranges
                0x0000000000000120       0x20 /Users/monroe/Library/Android/android-ndk-r10e/toolchains/arm-linux-androideabi-4.8/prebuilt/darwin-x86_64/bin/../lib/gcc/arm-linux-androideabi/4.8/libgcc.a(bpabi.o)
 .debug_aranges
                0x0000000000000140       0x20 /Users/monroe/Library/Android/android-ndk-r10e/toolchains/arm-linux-androideabi-4.8/prebuilt/darwin-x86_64/bin/../lib/gcc/arm-linux-androideabi/4.8/libgcc.a(unwind-arm.o)
 .debug_aranges
                0x0000000000000160       0x20 /Users/monroe/Library/Android/android-ndk-r10e/toolchains/arm-linux-androideabi-4.8/prebuilt/darwin-x86_64/bin/../lib/gcc/arm-linux-androideabi/4.8/libgcc.a(libunwind.o)
 .debug_aranges
                0x0000000000000180       0x20 /Users/monroe/Library/Android/android-ndk-r10e/toolchains/arm-linux-androideabi-4.8/prebuilt/darwin-x86_64/bin/../lib/gcc/arm-linux-androideabi/4.8/libgcc.a(pr-support.o)
 .debug_aranges
                0x00000000000001a0       0x20 /Users/monroe/Library/Android/android-ndk-r10e/toolchains/arm-linux-androideabi-4.8/prebuilt/darwin-x86_64/bin/../lib/gcc/arm-linux-androideabi/4.8/libgcc.a(_divdi3.o)
 .debug_aranges
                0x00000000000001c0       0x20 /Users/monroe/Library/Android/android-ndk-r10e/toolchains/arm-linux-androideabi-4.8/prebuilt/darwin-x86_64/bin/../lib/gcc/arm-linux-androideabi/4.8/libgcc.a(_udivdi3.o)
 .debug_aranges
                0x00000000000001e0       0x20 /Users/monroe/Library/Android/android-ndk-r10e/toolchains/arm-linux-androideabi-4.8/prebuilt/darwin-x86_64/bin/../lib/gcc/arm-linux-androideabi/4.8/libgcc.a(_udivsi3.o)

.debug_pubnames
 *(.debug_pubnames)

.debug_info     0x0000000000000000     0x9759
 *(.debug_info .gnu.linkonce.wi.*)
 .debug_info    0x0000000000000000     0x5ecf debug/Heyzap_platform.os
 .debug_info    0x0000000000005ecf      0x236 debug/Heyzap.os
 .debug_info    0x0000000000006105      0x27d debug/Heyzap_register.os
 .debug_info    0x0000000000006382       0xbd /Users/monroe/Library/Android/android-ndk-r10e/toolchains/arm-linux-androideabi-4.8/prebuilt/darwin-x86_64/bin/../lib/gcc/arm-linux-androideabi/4.8/libgcc.a(_aeabi_ldivmod.o)
 .debug_info    0x000000000000643f       0xc1 /Users/monroe/Library/Android/android-ndk-r10e/toolchains/arm-linux-androideabi-4.8/prebuilt/darwin-x86_64/bin/../lib/gcc/arm-linux-androideabi/4.8/libgcc.a(_dvmd_lnx.o)
 .debug_info    0x0000000000006500      0x160 /Users/monroe/Library/Android/android-ndk-r10e/toolchains/arm-linux-androideabi-4.8/prebuilt/darwin-x86_64/bin/../lib/gcc/arm-linux-androideabi/4.8/libgcc.a(bpabi.o)
 .debug_info    0x0000000000006660     0x1b3d /Users/monroe/Library/Android/android-ndk-r10e/toolchains/arm-linux-androideabi-4.8/prebuilt/darwin-x86_64/bin/../lib/gcc/arm-linux-androideabi/4.8/libgcc.a(unwind-arm.o)
 .debug_info    0x000000000000819d       0xc1 /Users/monroe/Library/Android/android-ndk-r10e/toolchains/arm-linux-androideabi-4.8/prebuilt/darwin-x86_64/bin/../lib/gcc/arm-linux-androideabi/4.8/libgcc.a(libunwind.o)
 .debug_info    0x000000000000825e      0x8af /Users/monroe/Library/Android/android-ndk-r10e/toolchains/arm-linux-androideabi-4.8/prebuilt/darwin-x86_64/bin/../lib/gcc/arm-linux-androideabi/4.8/libgcc.a(pr-support.o)
 .debug_info    0x0000000000008b0d      0x5e6 /Users/monroe/Library/Android/android-ndk-r10e/toolchains/arm-linux-androideabi-4.8/prebuilt/darwin-x86_64/bin/../lib/gcc/arm-linux-androideabi/4.8/libgcc.a(_divdi3.o)
 .debug_info    0x00000000000090f3      0x5a5 /Users/monroe/Library/Android/android-ndk-r10e/toolchains/arm-linux-androideabi-4.8/prebuilt/darwin-x86_64/bin/../lib/gcc/arm-linux-androideabi/4.8/libgcc.a(_udivdi3.o)
 .debug_info    0x0000000000009698       0xc1 /Users/monroe/Library/Android/android-ndk-r10e/toolchains/arm-linux-androideabi-4.8/prebuilt/darwin-x86_64/bin/../lib/gcc/arm-linux-androideabi/4.8/libgcc.a(_udivsi3.o)

.debug_abbrev   0x0000000000000000      0xf50
 *(.debug_abbrev)
 .debug_abbrev  0x0000000000000000      0x2c0 debug/Heyzap_platform.os
 .debug_abbrev  0x00000000000002c0       0xdb debug/Heyzap.os
 .debug_abbrev  0x000000000000039b      0x11d debug/Heyzap_register.os
 .debug_abbrev  0x00000000000004b8       0x14 /Users/monroe/Library/Android/android-ndk-r10e/toolchains/arm-linux-androideabi-4.8/prebuilt/darwin-x86_64/bin/../lib/gcc/arm-linux-androideabi/4.8/libgcc.a(_aeabi_ldivmod.o)
 .debug_abbrev  0x00000000000004cc       0x14 /Users/monroe/Library/Android/android-ndk-r10e/toolchains/arm-linux-androideabi-4.8/prebuilt/darwin-x86_64/bin/../lib/gcc/arm-linux-androideabi/4.8/libgcc.a(_dvmd_lnx.o)
 .debug_abbrev  0x00000000000004e0       0xb5 /Users/monroe/Library/Android/android-ndk-r10e/toolchains/arm-linux-androideabi-4.8/prebuilt/darwin-x86_64/bin/../lib/gcc/arm-linux-androideabi/4.8/libgcc.a(bpabi.o)
 .debug_abbrev  0x0000000000000595      0x41c /Users/monroe/Library/Android/android-ndk-r10e/toolchains/arm-linux-androideabi-4.8/prebuilt/darwin-x86_64/bin/../lib/gcc/arm-linux-androideabi/4.8/libgcc.a(unwind-arm.o)
 .debug_abbrev  0x00000000000009b1       0x14 /Users/monroe/Library/Android/android-ndk-r10e/toolchains/arm-linux-androideabi-4.8/prebuilt/darwin-x86_64/bin/../lib/gcc/arm-linux-androideabi/4.8/libgcc.a(libunwind.o)
 .debug_abbrev  0x00000000000009c5      0x275 /Users/monroe/Library/Android/android-ndk-r10e/toolchains/arm-linux-androideabi-4.8/prebuilt/darwin-x86_64/bin/../lib/gcc/arm-linux-androideabi/4.8/libgcc.a(pr-support.o)
 .debug_abbrev  0x0000000000000c3a      0x190 /Users/monroe/Library/Android/android-ndk-r10e/toolchains/arm-linux-androideabi-4.8/prebuilt/darwin-x86_64/bin/../lib/gcc/arm-linux-androideabi/4.8/libgcc.a(_divdi3.o)
 .debug_abbrev  0x0000000000000dca      0x172 /Users/monroe/Library/Android/android-ndk-r10e/toolchains/arm-linux-androideabi-4.8/prebuilt/darwin-x86_64/bin/../lib/gcc/arm-linux-androideabi/4.8/libgcc.a(_udivdi3.o)
 .debug_abbrev  0x0000000000000f3c       0x14 /Users/monroe/Library/Android/android-ndk-r10e/toolchains/arm-linux-androideabi-4.8/prebuilt/darwin-x86_64/bin/../lib/gcc/arm-linux-androideabi/4.8/libgcc.a(_udivsi3.o)

.debug_line     0x0000000000000000     0x10e6
 *(.debug_line .debug_line.* .debug_line_end)
 .debug_line    0x0000000000000000      0x3c8 debug/Heyzap_platform.os
 .debug_line    0x00000000000003c8       0xcc debug/Heyzap.os
 .debug_line    0x0000000000000494      0x103 debug/Heyzap_register.os
 .debug_line    0x0000000000000597       0x7c /Users/monroe/Library/Android/android-ndk-r10e/toolchains/arm-linux-androideabi-4.8/prebuilt/darwin-x86_64/bin/../lib/gcc/arm-linux-androideabi/4.8/libgcc.a(_aeabi_ldivmod.o)
 .debug_line    0x0000000000000613       0x7b /Users/monroe/Library/Android/android-ndk-r10e/toolchains/arm-linux-androideabi-4.8/prebuilt/darwin-x86_64/bin/../lib/gcc/arm-linux-androideabi/4.8/libgcc.a(_dvmd_lnx.o)
 .debug_line    0x000000000000068e       0x7c /Users/monroe/Library/Android/android-ndk-r10e/toolchains/arm-linux-androideabi-4.8/prebuilt/darwin-x86_64/bin/../lib/gcc/arm-linux-androideabi/4.8/libgcc.a(bpabi.o)
 .debug_line    0x000000000000070a      0x4ad /Users/monroe/Library/Android/android-ndk-r10e/toolchains/arm-linux-androideabi-4.8/prebuilt/darwin-x86_64/bin/../lib/gcc/arm-linux-androideabi/4.8/libgcc.a(unwind-arm.o)
 .debug_line    0x0000000000000bb7       0xc5 /Users/monroe/Library/Android/android-ndk-r10e/toolchains/arm-linux-androideabi-4.8/prebuilt/darwin-x86_64/bin/../lib/gcc/arm-linux-androideabi/4.8/libgcc.a(libunwind.o)
 .debug_line    0x0000000000000c7c      0x184 /Users/monroe/Library/Android/android-ndk-r10e/toolchains/arm-linux-androideabi-4.8/prebuilt/darwin-x86_64/bin/../lib/gcc/arm-linux-androideabi/4.8/libgcc.a(pr-support.o)
 .debug_line    0x0000000000000e00      0x132 /Users/monroe/Library/Android/android-ndk-r10e/toolchains/arm-linux-androideabi-4.8/prebuilt/darwin-x86_64/bin/../lib/gcc/arm-linux-androideabi/4.8/libgcc.a(_divdi3.o)
 .debug_line    0x0000000000000f32      0x120 /Users/monroe/Library/Android/android-ndk-r10e/toolchains/arm-linux-androideabi-4.8/prebuilt/darwin-x86_64/bin/../lib/gcc/arm-linux-androideabi/4.8/libgcc.a(_udivdi3.o)
 .debug_line    0x0000000000001052       0x94 /Users/monroe/Library/Android/android-ndk-r10e/toolchains/arm-linux-androideabi-4.8/prebuilt/darwin-x86_64/bin/../lib/gcc/arm-linux-androideabi/4.8/libgcc.a(_udivsi3.o)

.debug_frame    0x0000000000000000      0x97c
 *(.debug_frame)
 .debug_frame   0x0000000000000000      0x338 debug/Heyzap_platform.os
 .debug_frame   0x0000000000000338      0x148 debug/Heyzap.os
 .debug_frame   0x0000000000000480       0x74 debug/Heyzap_register.os
 .debug_frame   0x00000000000004f4       0x50 /Users/monroe/Library/Android/android-ndk-r10e/toolchains/arm-linux-androideabi-4.8/prebuilt/darwin-x86_64/bin/../lib/gcc/arm-linux-androideabi/4.8/libgcc.a(bpabi.o)
 .debug_frame   0x0000000000000544      0x2a8 /Users/monroe/Library/Android/android-ndk-r10e/toolchains/arm-linux-androideabi-4.8/prebuilt/darwin-x86_64/bin/../lib/gcc/arm-linux-androideabi/4.8/libgcc.a(unwind-arm.o)
 .debug_frame   0x00000000000007ec       0xfc /Users/monroe/Library/Android/android-ndk-r10e/toolchains/arm-linux-androideabi-4.8/prebuilt/darwin-x86_64/bin/../lib/gcc/arm-linux-androideabi/4.8/libgcc.a(pr-support.o)
 .debug_frame   0x00000000000008e8       0x38 /Users/monroe/Library/Android/android-ndk-r10e/toolchains/arm-linux-androideabi-4.8/prebuilt/darwin-x86_64/bin/../lib/gcc/arm-linux-androideabi/4.8/libgcc.a(_divdi3.o)
 .debug_frame   0x0000000000000920       0x3c /Users/monroe/Library/Android/android-ndk-r10e/toolchains/arm-linux-androideabi-4.8/prebuilt/darwin-x86_64/bin/../lib/gcc/arm-linux-androideabi/4.8/libgcc.a(_udivdi3.o)
 .debug_frame   0x000000000000095c       0x20 /Users/monroe/Library/Android/android-ndk-r10e/toolchains/arm-linux-androideabi-4.8/prebuilt/darwin-x86_64/bin/../lib/gcc/arm-linux-androideabi/4.8/libgcc.a(_udivsi3.o)

.debug_str      0x0000000000000000     0x5eff
 *(.debug_str)
 .debug_str     0x0000000000000000     0x4f76 debug/Heyzap_platform.os
                                       0x5107 (size before relaxing)
 .debug_str     0x0000000000004f76       0x7e debug/Heyzap.os
                                        0x324 (size before relaxing)
 .debug_str     0x0000000000004ff4       0xb6 debug/Heyzap_register.os
                                        0x5aa (size before relaxing)
 .debug_str     0x00000000000050aa      0x15b /Users/monroe/Library/Android/android-ndk-r10e/toolchains/arm-linux-androideabi-4.8/prebuilt/darwin-x86_64/bin/../lib/gcc/arm-linux-androideabi/4.8/libgcc.a(bpabi.o)
                                        0x180 (size before relaxing)
 .debug_str     0x0000000000005205      0xb5b /Users/monroe/Library/Android/android-ndk-r10e/toolchains/arm-linux-androideabi-4.8/prebuilt/darwin-x86_64/bin/../lib/gcc/arm-linux-androideabi/4.8/libgcc.a(unwind-arm.o)
                                        0xc75 (size before relaxing)
 .debug_str     0x0000000000005d60       0xf1 /Users/monroe/Library/Android/android-ndk-r10e/toolchains/arm-linux-androideabi-4.8/prebuilt/darwin-x86_64/bin/../lib/gcc/arm-linux-androideabi/4.8/libgcc.a(pr-support.o)
                                        0x57c (size before relaxing)
 .debug_str     0x0000000000005e51       0xae /Users/monroe/Library/Android/android-ndk-r10e/toolchains/arm-linux-androideabi-4.8/prebuilt/darwin-x86_64/bin/../lib/gcc/arm-linux-androideabi/4.8/libgcc.a(_divdi3.o)
                                        0x2a0 (size before relaxing)
 .debug_str     0x0000000000005eff      0x2a1 /Users/monroe/Library/Android/android-ndk-r10e/toolchains/arm-linux-androideabi-4.8/prebuilt/darwin-x86_64/bin/../lib/gcc/arm-linux-androideabi/4.8/libgcc.a(_udivdi3.o)

.debug_loc      0x0000000000000000     0x2f57
 *(.debug_loc)
 .debug_loc     0x0000000000000000       0xa0 /Users/monroe/Library/Android/android-ndk-r10e/toolchains/arm-linux-androideabi-4.8/prebuilt/darwin-x86_64/bin/../lib/gcc/arm-linux-androideabi/4.8/libgcc.a(bpabi.o)
 .debug_loc     0x00000000000000a0     0x1476 /Users/monroe/Library/Android/android-ndk-r10e/toolchains/arm-linux-androideabi-4.8/prebuilt/darwin-x86_64/bin/../lib/gcc/arm-linux-androideabi/4.8/libgcc.a(unwind-arm.o)
 .debug_loc     0x0000000000001516      0x53c /Users/monroe/Library/Android/android-ndk-r10e/toolchains/arm-linux-androideabi-4.8/prebuilt/darwin-x86_64/bin/../lib/gcc/arm-linux-androideabi/4.8/libgcc.a(pr-support.o)
 .debug_loc     0x0000000000001a52      0xad9 /Users/monroe/Library/Android/android-ndk-r10e/toolchains/arm-linux-androideabi-4.8/prebuilt/darwin-x86_64/bin/../lib/gcc/arm-linux-androideabi/4.8/libgcc.a(_divdi3.o)
 .debug_loc     0x000000000000252b      0xa2c /Users/monroe/Library/Android/android-ndk-r10e/toolchains/arm-linux-androideabi-4.8/prebuilt/darwin-x86_64/bin/../lib/gcc/arm-linux-androideabi/4.8/libgcc.a(_udivdi3.o)

.debug_macinfo
 *(.debug_macinfo)

.debug_weaknames
 *(.debug_weaknames)

.debug_funcnames
 *(.debug_funcnames)

.debug_typenames
 *(.debug_typenames)

.debug_varnames
 *(.debug_varnames)

.debug_pubtypes
 *(.debug_pubtypes)

.debug_ranges   0x0000000000000000      0x200
 *(.debug_ranges)
 .debug_ranges  0x0000000000000000       0x90 debug/Heyzap_platform.os
 .debug_ranges  0x0000000000000090       0x70 /Users/monroe/Library/Android/android-ndk-r10e/toolchains/arm-linux-androideabi-4.8/prebuilt/darwin-x86_64/bin/../lib/gcc/arm-linux-androideabi/4.8/libgcc.a(unwind-arm.o)
 .debug_ranges  0x0000000000000100       0x30 /Users/monroe/Library/Android/android-ndk-r10e/toolchains/arm-linux-androideabi-4.8/prebuilt/darwin-x86_64/bin/../lib/gcc/arm-linux-androideabi/4.8/libgcc.a(pr-support.o)
 .debug_ranges  0x0000000000000130       0x60 /Users/monroe/Library/Android/android-ndk-r10e/toolchains/arm-linux-androideabi-4.8/prebuilt/darwin-x86_64/bin/../lib/gcc/arm-linux-androideabi/4.8/libgcc.a(_divdi3.o)
 .debug_ranges  0x0000000000000190       0x70 /Users/monroe/Library/Android/android-ndk-r10e/toolchains/arm-linux-androideabi-4.8/prebuilt/darwin-x86_64/bin/../lib/gcc/arm-linux-androideabi/4.8/libgcc.a(_udivdi3.o)

.debug_macro
 *(.debug_macro)

.gnu.attributes
 *(.gnu.attributes)

.note.gnu.arm.ident
 *(.note.gnu.arm.ident)

/DISCARD/
 *(.note.GNU-stack)
 *(.gnu_debuglink)
 *(.gnu.lto_*)
 *(.mdebug.*)
OUTPUT(/Users/monroe/dev/marmalade_wrapper/lib/android/libHeyzap_d.so elf32-littlearm)
